******************************************************************************
                  TI ARM Linker PC v5.2.2                      
******************************************************************************
>> Linked Tue Nov 01 11:08:06 2016

OUTPUT FILE NAME:   <quad.out>
ENTRY POINT SYMBOL: "_c_int00"  address: 000057ed


MEMORY CONFIGURATION

         name            origin    length      used     unused   attr    fill
----------------------  --------  ---------  --------  --------  ----  --------
  FLASH                 00000000   00040000  000066b4  0003994c  R  X
  SRAM                  20000000   00008000  000056a2  0000295e  RW X


SEGMENT ALLOCATION MAP

run origin  load origin   length   init length attrs members
----------  ----------- ---------- ----------- ----- -------
00000000    00000000    000066b8   000066b8    r-x
  00000000    00000000    0000026c   0000026c    r-- .intvecs
  0000026c    0000026c    00005e92   00005e92    r-x .text
  00006100    00006100    000004ce   000004ce    r-- .const
  000065d0    000065d0    000000e8   000000e8    r-- .cinit
20000000    20000000    000056a6   00000000    rw-
  20000000    20000000    0000026c   00000000    rw- .vtable
  2000026c    2000026c    00002710   00000000    rw- .stack
  20002980    20002980    00002710   00000000    rw- .sysmem
  20005090    20005090    00000358   00000000    rw- .data
  200053e8    200053e8    000002be   00000000    rw- .bss


SECTION ALLOCATION MAP

 output                                  attributes/
section   page    origin      length       input sections
--------  ----  ----------  ----------   ----------------
.intvecs   0    00000000    0000026c     
                  00000000    0000026c     tm4c123gh6pm_startup_ccs.obj (.intvecs)

.text      0    0000026c    00005e92     
                  0000026c    000010ba     rtsv7M4_T_le_v4SPD16_eabi.lib : _printfi.obj (.text)
                  00001326    00000002     --HOLE-- [fill = 0]
                  00001328    00000bd4     data.obj (.text)
                  00001efc    0000049c     uartstdio.obj (.text)
                  00002398    00000494     exti.obj (.text)
                  0000282c    000003dc     rtsv7M4_T_le_v4SPD16_eabi.lib : memory.obj (.text)
                  00002c08    00000320     quad_math.obj (.text)
                  00002f28    0000030c     rtsv7M4_T_le_v4SPD16_eabi.lib : lowlev.obj (.text)
                  00003234    000002d4                                   : trgdrv.obj (.text)
                  00003508    000002c4     mpu6050.obj (.text)
                  000037cc    000002ac     ii2c.obj (.text)
                  00003a78    000001f4     rtsv7M4_T_le_v4SPD16_eabi.lib : ull_div_t2.obj (.text)
                  00003c6c    000001c4                                   : fopen.obj (.text)
                  00003e30    000001b6                                   : fd_add_t2.obj (.text)
                  00003fe6    00000002     --HOLE-- [fill = 0]
                  00003fe8    00000198     main.obj (.text)
                  00004180    0000014c     uart.obj (.text)
                  000042cc    00000144     pwm.obj (.text)
                  00004410    00000136     rtsv7M4_T_le_v4SPD16_eabi.lib : fd_div_t2.obj (.text)
                  00004546    00000002     --HOLE-- [fill = 0]
                  00004548    00000134                                   : fputs.obj (.text)
                  0000467c    00000132     driverlib.lib : gpio.obj (.text:GPIOPadConfigSet)
                  000047ae    00000002     --HOLE-- [fill = 0]
                  000047b0    00000110                   : sysctl.obj (.text:SysCtlClockGet)
                  000048c0    00000110     rtsv7M4_T_le_v4SPD16_eabi.lib : xdscale.obj (.text)
                  000049d0    000000fc                                   : fd_mul_t2.obj (.text)
                  00004acc    000000f4     driverlib.lib : sysctl.obj (.text:SysCtlClockSet)
                  00004bc0    000000dc     rtsv7M4_T_le_v4SPD16_eabi.lib : setvbuf.obj (.text)
                  00004c9c    000000c8                                   : fflush.obj (.text)
                  00004d64    000000be                                   : xdnorm.obj (.text)
                  00004e22    000000ac                                   : _io_perm.obj (.text)
                  00004ece    00000002     --HOLE-- [fill = 0]
                  00004ed0    000000a8     sonar.obj (.text)
                  00004f78    0000009c     rtsv7M4_T_le_v4SPD16_eabi.lib : memcpy_t2.obj (.text)
                  00005014    00000098     global.obj (.text)
                  000050ac    00000098     rtsv7M4_T_le_v4SPD16_eabi.lib : fclose.obj (.text)
                  00005144    00000086                                   : fd_cmp_t2.obj (.text:__aeabi_cdcmple)
                  000051ca    00000086                                   : fd_cmp_t2.obj (.text:__aeabi_cdrcmple)
                  00005250    0000007a                                   : memset_t2.obj (.text)
                  000052ca    00000076     delay.obj (.text)
                  00005340    00000070     rtsv7M4_T_le_v4SPD16_eabi.lib : printf.obj (.text)
                  000053b0    0000006c                                   : autoinit.obj (.text)
                  0000541c    0000006a                                   : copy_decompress_rle.obj (.text)
                  00005486    00000002     --HOLE-- [fill = 0]
                  00005488    00000068     driverlib.lib : interrupt.obj (.text:IntEnable)
                  000054f0    00000068     rtsv7M4_T_le_v4SPD16_eabi.lib : trgmsg.obj (.text)
                  00005558    00000068     timer.obj (.text)
                  000055c0    00000066     rtsv7M4_T_le_v4SPD16_eabi.lib : xdunscal.obj (.text)
                  00005626    00000002     --HOLE-- [fill = 0]
                  00005628    00000064                                   : fseek.obj (.text)
                  0000568c    00000060     driverlib.lib : timer.obj (.text:TimerConfigure)
                  000056ec    00000056                   : gpio.obj (.text:GPIOIntTypeSet)
                  00005742    00000056     rtsv7M4_T_le_v4SPD16_eabi.lib : ltoa.obj (.text)
                  00005798    00000052                                   : ldexp.obj (.text)
                  000057ea    00000002     --HOLE-- [fill = 0]
                  000057ec    00000050                                   : boot.obj (.text)
                  0000583c    0000004c                                   : atoi.obj (.text)
                  00005888    0000004c                                   : cpy_tbl.obj (.text)
                  000058d4    0000004a                                   : fd_tos_t2.obj (.text)
                  0000591e    00000002     --HOLE-- [fill = 0]
                  00005920    00000048     driverlib.lib : gpio.obj (.text:GPIOPinConfigure)
                  00005968    00000048     rtsv7M4_T_le_v4SPD16_eabi.lib : fd_toi_t2.obj (.text)
                  000059b0    00000048                                   : vsprintf.obj (.text)
                  000059f8    00000046     driverlib.lib : uart.obj (.text:UARTConfigSetExpClk)
                  00005a3e    00000002     --HOLE-- [fill = 0]
                  00005a40    00000044     rtsv7M4_T_le_v4SPD16_eabi.lib : exit.obj (.text)
                  00005a84    00000042                                   : u_divt2.obj (.text)
                  00005ac6    00000002     --HOLE-- [fill = 0]
                  00005ac8    00000040     driverlib.lib : gpio.obj (.text:_GPIOIntNumberGet)
                  00005b08    00000040     led.obj (.text)
                  00005b48    00000040     rtsv7M4_T_le_v4SPD16_eabi.lib : signal.obj (.text)
                  00005b88    00000038     driverlib.lib : sysctl.obj (.text:SysCtlPeripheralPresent)
                  00005bc0    00000038     rtsv7M4_T_le_v4SPD16_eabi.lib : fs_tod_t2.obj (.text)
                  00005bf8    00000034     driverlib.lib : interrupt.obj (.text:IntRegister)
                  00005c2c    00000034                   : sysctl.obj (.text:SysCtlPeripheralEnable)
                  00005c60    00000034     rtsv7M4_T_le_v4SPD16_eabi.lib : feraiseexcept.obj (.text)
                  00005c94    00000030                                   : strncpy.obj (.text)
                  00005cc4    00000030                                   : xdclass.obj (.text)
                  00005cf4    00000030                                   : xferaise.obj (.text)
                  00005d24    0000002e     bsp.obj (.text)
                  00005d52    0000002e     rtsv7M4_T_le_v4SPD16_eabi.lib : i_tofd_t2.obj (.text)
                  00005d80    0000002e                                   : raise.obj (.text)
                  00005dae    0000002a     driverlib.lib : gpio.obj (.text:GPIODirModeSet)
                  00005dd8    0000002a     rtsv7M4_T_le_v4SPD16_eabi.lib : frexp.obj (.text)
                  00005e02    00000002     --HOLE-- [fill = 0]
                  00005e04    00000024     driverlib.lib : interrupt.obj (.text:IntPrioritySet)
                  00005e28    00000022                   : pwm.obj (.text:PWMGenConfigure)
                  00005e4a    00000002     --HOLE-- [fill = 0]
                  00005e4c    00000020                   : uart.obj (.text:UARTDisable)
                  00005e6c    00000020     rtsv7M4_T_le_v4SPD16_eabi.lib : memchr.obj (.text)
                  00005e8c    0000001e     driverlib.lib : pwm.obj (.text:PWMPulseWidthSet)
                  00005eaa    0000001c     rtsv7M4_T_le_v4SPD16_eabi.lib : memccpy.obj (.text)
                  00005ec6    00000018     driverlib.lib : gpio.obj (.text:GPIOIntRegister)
                  00005ede    00000018                   : gpio.obj (.text:GPIOPinTypeGPIOOutput)
                  00005ef6    00000002     --HOLE-- [fill = 0]
                  00005ef8    00000018                   : timer.obj (.text:TimerDisable)
                  00005f10    00000018     rtsv7M4_T_le_v4SPD16_eabi.lib : args_main.obj (.text)
                  00005f28    00000018                                   : strcmp.obj (.text)
                  00005f40    00000016                                   : strchr.obj (.text)
                  00005f56    00000002     --HOLE-- [fill = 0]
                  00005f58    00000014     driverlib.lib : sysctl.obj (.text:SysCtlPWMClockSet)
                  00005f6c    00000014                   : uart.obj (.text:UARTEnable)
                  00005f80    00000014     pll.obj (.text)
                  00005f94    00000014     rtsv7M4_T_le_v4SPD16_eabi.lib : _lock.obj (.text)
                  00005fa8    00000014                                   : strcpy.obj (.text)
                  00005fbc    00000014                                   : strlen.obj (.text)
                  00005fd0    00000012     driverlib.lib : gpio.obj (.text:GPIOPinTypeGPIOInput)
                  00005fe2    00000012                   : gpio.obj (.text:GPIOPinTypePWM)
                  00005ff4    00000012                   : gpio.obj (.text:GPIOPinTypeUART)
                  00006006    00000012                   : pwm.obj (.text:PWMOutputState)
                  00006018    00000012                   : timer.obj (.text:TimerLoadSet)
                  0000602a    00000010                   : interrupt.obj (.text:IntMasterEnable)
                  0000603a    00000010                   : pwm.obj (.text:PWMGenPeriodSet)
                  0000604a    0000000e                   : gpio.obj (.text:GPIOIntStatus)
                  00006058    0000000e                   : timer.obj (.text:TimerEnable)
                  00006066    0000000e     rtsv7M4_T_le_v4SPD16_eabi.lib : copy_decompress_none.obj (.text:decompress:none)
                  00006074    0000000c     driverlib.lib : cpu.obj (.text:CPUcpsie)
                  00006080    0000000c                   : gpio.obj (.text:GPIOIntEnable)
                  0000608c    0000000c                   : pwm.obj (.text:PWMGenEnable)
                  00006098    0000000c     rtsv7M4_T_le_v4SPD16_eabi.lib : copy_zero_init.obj (.text:decompress:ZI)
                  000060a4    0000000c     tm4c123gh6pm_startup_ccs.obj (.text)
                  000060b0    0000000a     driverlib.lib : timer.obj (.text:TimerValueGet)
                  000060ba    0000000a                   : uart.obj (.text:UARTCharGet)
                  000060c4    0000000a                   : uart.obj (.text:UARTCharPut)
                  000060ce    00000008                   : uart.obj (.text:UARTBusy)
                  000060d6    00000006                   : gpio.obj (.text:GPIOIntClear)
                  000060dc    00000006                   : gpio.obj (.text:GPIOPinRead)
                  000060e2    00000006                   : gpio.obj (.text:GPIOPinWrite)
                  000060e8    00000006                   : sysctl.obj (.text:SysCtlDelay)
                  000060ee    00000006                   : uart.obj (.text:UARTClockSourceSet)
                  000060f4    00000006     rtsv7M4_T_le_v4SPD16_eabi.lib : copy_decompress_rle.obj (.text:decompress:rle24)
                  000060fa    00000004                                   : pre_init.obj (.text)

.const     0    00006100    000004ce     
                  00006100    00000101     rtsv7M4_T_le_v4SPD16_eabi.lib : ctype.obj (.const:.string:_ctypes_)
                  00006201    00000003     --HOLE-- [fill = 0]
                  00006204    000000c0     driverlib.lib : gpio.obj (.const:g_ppui32GPIOIntMapBlizzard)
                  000062c4    000000c0                   : gpio.obj (.const:g_ppui32GPIOIntMapSnowflake)
                  00006384    0000009c                   : interrupt.obj (.const:g_pui32Regs)
                  00006420    00000090                   : gpio.obj (.const:g_pui32GPIOBaseAddrs)
                  000064b0    00000070                   : interrupt.obj (.const)
                  00006520    0000006c                   : sysctl.obj (.const:g_pui32Xtals)
                  0000658c    0000001c     uartstdio.obj (.const)
                  000065a8    00000014     mpu6050.obj (.const)
                  000065bc    00000012     uartstdio.obj (.const:.string)

.cinit     0    000065d0    000000e8     
                  000065d0    000000b2     (.cinit..data.load) [load image, compression = rle]
                  00006682    00000002     --HOLE-- [fill = 0]
                  00006684    0000000c     (__TI_handler_table)
                  00006690    00000008     (.cinit..bss.load) [load image, compression = zero_init]
                  00006698    00000008     (.cinit..vtable.load) [load image, compression = zero_init]
                  000066a0    00000018     (__TI_cinit_table)

.init_array 
*          0    00000000    00000000     UNINITIALIZED

.vtable    0    20000000    0000026c     UNINITIALIZED
                  20000000    0000026c     driverlib.lib : interrupt.obj (.vtable)

.stack     0    2000026c    00002710     UNINITIALIZED
                  2000026c    00002710     --HOLE--

.sysmem    0    20002980    00002710     UNINITIALIZED
                  20002980    00000008     rtsv7M4_T_le_v4SPD16_eabi.lib : memory.obj (.sysmem)
                  20002988    00002708     --HOLE--

.data      0    20005090    00000358     UNINITIALIZED
                  20005090    000000f0     rtsv7M4_T_le_v4SPD16_eabi.lib : defs.obj (.data:_ftable)
                  20005180    000000d0                                   : lowlev.obj (.data)
                  20005250    000000b0                                   : signal.obj (.data:sigtable)
                  20005300    00000080                                   : xvalues.obj (.data)
                  20005380    00000018     global.obj (.data)
                  20005398    00000010     rtsv7M4_T_le_v4SPD16_eabi.lib : defs.obj (.data)
                  200053a8    0000000c                                   : memory.obj (.data)
                  200053b4    00000008                                   : _lock.obj (.data)
                  200053bc    00000008                                   : exit.obj (.data)
                  200053c4    00000008                                   : feraiseexcept.obj (.data)
                  200053cc    00000006     data.obj (.data)
                  200053d2    00000002     --HOLE--
                  200053d4    00000005     uartstdio.obj (.data)
                  200053d9    00000003     --HOLE--
                  200053dc    00000004     rtsv7M4_T_le_v4SPD16_eabi.lib : errno.obj (.data)
                  200053e0    00000004                                   : fopen.obj (.data)
                  200053e4    00000004                                   : stkdepth_vars.obj (.data)

.TI.persistent 
*          0    20005090    00000000     UNINITIALIZED

.bss       0    200053e8    000002be     UNINITIALIZED
                  200053e8    00000120     rtsv7M4_T_le_v4SPD16_eabi.lib : trgmsg.obj (.bss:__CIOBUF_)
                  20005508    000000a0                                   : defs.obj (.bss:__TI_tmpnams)
                  200055a8    00000018     (.common:Command)
                  200055c0    00000018     (.common:Command_Uint)
                  200055d8    00000010     (.common:Chx)
                  200055e8    0000000e     (.common:Mpu6050_Data)
                  200055f6    0000000e     (.common:Mpu_Data)
                  20005604    00000004     (.common:Gyro_Offsetx)
                  20005608    00000008     (.common:offset_x1$1)
                  20005610    00000008     (.common:offset_x2$2)
                  20005618    00000008     (.common:offset_y1$3)
                  20005620    00000008     (.common:offset_y2$4)
                  20005628    00000008     (.common:offset_z1$5)
                  20005630    00000008     (.common:offset_z2$6)
                  20005638    00000008     (.common:parmbuf)
                  20005640    00000004     (.common:Gyro_Offsety)
                  20005644    00000004     (.common:Gyro_Offsetz)
                  20005648    00000004     (.common:Kaccx)
                  2000564c    00000004     (.common:Kaccy)
                  20005650    00000004     (.common:Kaccz)
                  20005654    00000004     (.common:cnt$1)
                  20005658    00000004     (.common:cnt_1$2)
                  2000565c    00000004     (.common:cnt_10$11)
                  20005660    00000004     (.common:cnt_11$12)
                  20005664    00000004     (.common:cnt_12$13)
                  20005668    00000004     (.common:cnt_2$3)
                  2000566c    00000004     (.common:cnt_3$4)
                  20005670    00000004     (.common:cnt_4$5)
                  20005674    00000004     (.common:cnt_5$6)
                  20005678    00000004     (.common:cnt_6$7)
                  2000567c    00000004     (.common:cnt_7$8)
                  20005680    00000004     (.common:cnt_8$9)
                  20005684    00000004     (.common:cnt_9$10)
                  20005688    00000004     (.common:command_loopcnt$6)
                  2000568c    00000004     (.common:data_dt$1)
                  20005690    00000004     (.common:led_loopcnt$4)
                  20005694    00000004     (.common:print_loopcnt$3)
                  20005698    00000004     (.common:sonar_loopcnt$5)
                  2000569c    00000004     (.common:status$14)
                  200056a0    00000004     (.common:update_loop$2)
                  200056a4    00000002     (.common:lock)

.TI.noinit 
*          0    200053e8    00000000     UNINITIALIZED


LINKER GENERATED COPY TABLES

__TI_cinit_table @ 000066a0 records: 3, size/record: 8, table size: 24
	.data: load addr=000065d0, load size=000000b2 bytes, run addr=20005090, run size=00000358 bytes, compression=rle
	.bss: load addr=00006690, load size=00000008 bytes, run addr=200053e8, run size=000002be bytes, compression=zero_init
	.vtable: load addr=00006698, load size=00000008 bytes, run addr=20000000, run size=0000026c bytes, compression=zero_init


LINKER GENERATED HANDLER TABLE

__TI_handler_table @ 00006684 records: 3, size/record: 4, table size: 12
	index: 0, handler: __TI_zero_init
	index: 1, handler: __TI_decompress_rle24
	index: 2, handler: __TI_decompress_none


GLOBAL SYMBOLS: SORTED ALPHABETICALLY BY Name 

address   name                         
-------   ----                         
200053cc  Acc_Offsetx                  
200053ce  Acc_Offsety                  
200053d0  Acc_Offsetz                  
00005a41  C$$EXIT                      
0000551f  C$$IO$$                      
00006075  CPUcpsie                     
200055d8  Chx                          
200055a8  Command                      
200055c0  Command_Uint                 
00002d63  Constraint_f                 
00002da9  Constraint_int               
00004113  Control_Isr                  
00002dd1  DLPF                         
000052cb  Delay_ms                     
00005307  Delay_us                     
00002685  Exti_Init                    
00004121  Exti_Isr                     
00002399  Exti_WidthGet                
000027d9  Exti_quit                    
00002c6b  FL_ABS                       
00005daf  GPIODirModeSet               
000060d7  GPIOIntClear                 
00006081  GPIOIntEnable                
00005ec7  GPIOIntRegister              
0000604b  GPIOIntStatus                
000056ed  GPIOIntTypeSet               
0000467d  GPIOPadConfigSet             
00005921  GPIOPinConfigure             
000060dd  GPIOPinRead                  
00005fd1  GPIOPinTypeGPIOInput         
00005edf  GPIOPinTypeGPIOOutput        
00005fe3  GPIOPinTypePWM               
00005ff5  GPIOPinTypeUART              
000060e3  GPIOPinWrite                 
00005015  G_GetDt                      
20005604  Gyro_Offsetx                 
20005640  Gyro_Offsety                 
20005644  Gyro_Offsetz                 
000034c1  HOSTclock                    
00003489  HOSTclose                    
0000344b  HOSTgetenv                   
000033ef  HOSTlseek                    
0000339d  HOSTopen                     
00003351  HOSTread                     
000032f3  HOSTrename                   
000032b9  HOSTtime                     
00003281  HOSTunlink                   
00003235  HOSTwrite                    
00005d25  Hardware_Init                
000038e1  IIC_Ack                      
000037cd  IIC_Init                     
00003921  IIC_Nack                     
000039e9  IIC_Readbyte                 
00003961  IIC_Sendbyte                 
000037fb  IIC_Start                    
0000383b  IIC_Stop                     
0000387b  IIC_Waitack                  
00001e7d  Imu_DataGet                  
00005489  IntEnable                    
0000602b  IntMasterEnable              
00005e05  IntPrioritySet               
00005bf9  IntRegister                  
00004229  IntToString                  
20005648  Kaccx                        
2000564c  Kaccy                        
20005650  Kaccz                        
00005b09  Led_Init                     
00005b1b  Led_Reverse                  
00002c93  Limit                        
00002d21  Limit_t2                     
00002cd3  Limitf                       
00003707  MPU_Getaccelerometergyroscope
000036a7  MPU_Init                     
00003665  MPU_Readbyte                 
00003583  MPU_Readlen                  
00003619  MPU_Writebyte                
00003509  MPU_Writelen                 
200055e8  Mpu6050_Data                 
00001491  Mpu_AccOffest                
200055f6  Mpu_Data                     
00001329  Mpu_DataHandle               
000019b9  Mpu_GyroOffest               
00005e29  PWMGenConfigure              
0000608d  PWMGenEnable                 
0000603b  PWMGenPeriodSet              
00006007  PWMOutputState               
00005e8d  PWMPulseWidthSet             
00004293  Printf                       
000043b1  Pwm_Set1                     
000043c1  Pwm_Set2                     
000043d1  Pwm_Set3                     
000043e1  Pwm_Set4                     
000042cd  Pwm_init                     
00002c09  Q_rsqrt                      
00001d4d  ReceiveData_Convert          
00001c6b  ReceiveData_Norm             
00001e5d  Remote_CommandGet            
00001e73  Remote_WidthGet              
000060a5  ResetISR                     
UNDEFED   SHT$$INIT_ARRAY$$Base        
UNDEFED   SHT$$INIT_ARRAY$$Limit       
00004ee3  Sonar_Delay10us              
00004f17  Sonar_Encourage              
00004f33  Sonar_GetDist                
00004ed1  Sonar_GpioInit               
000047b1  SysCtlClockGet               
00004acd  SysCtlClockSet               
000060e9  SysCtlDelay                  
00005f59  SysCtlPWMClockSet            
00005c2d  SysCtlPeripheralEnable       
00005b89  SysCtlPeripheralPresent      
00005f81  System_ClockInit             
0000568d  TimerConfigure               
00005ef9  TimerDisable                 
00006059  TimerEnable                  
00006019  TimerLoadSet                 
000060b1  TimerValueGet                
0000559d  Timer_CaptureInit            
00005577  Timer_Control                
00005559  Timer_Init                   
000060cf  UARTBusy                     
000060bb  UARTCharGet                  
000060c5  UARTCharPut                  
000060ef  UARTClockSourceSet           
000059f9  UARTConfigSetExpClk          
00005e4d  UARTDisable                  
00005f6d  UARTEnable                   
00001efd  UARTStdioConfig              
00002043  UARTgetc                     
00001f89  UARTgets                     
00002363  UARTprintf                   
00002069  UARTvprintf                  
00001f43  UARTwrite                    
000041d7  UartPutchar                  
0000420d  UartSendString               
00004181  Uart_Init                    
00002e33  Warp_ToPI                    
00005cc5  _Dclass                      
20005300  _Denorm                      
00004d65  _Dnorm                       
000048c1  _Dscale                      
000055c1  _Dunscale                    
20005310  _Eps                         
200053dc  _Errno                       
200053c4  _Fenv                        
00005cf5  _Feraise                     
20005320  _Hugeval                     
20005330  _Inf                         
20005340  _Nan                         
20005360  _Rteps                       
20005350  _Snan                        
200053c8  _Tls_setup__Fenv             
20005370  _Xbig                        
20005378  _Zero                        
200053e8  __CIOBUF_                    
2000297c  __STACK_END                  
00002710  __STACK_SIZE                 
2000046c  __STACK_TOP                  
00002710  __SYSMEM_SIZE                
000066a0  __TI_CINIT_Base              
000066b8  __TI_CINIT_Limit             
00006684  __TI_Handler_Table_Base      
00006690  __TI_Handler_Table_Limit     
000053b1  __TI_auto_init               
00003d35  __TI_cleanup                 
200053bc  __TI_cleanup_ptr             
000050ad  __TI_closefile               
00006067  __TI_decompress_none         
000060f5  __TI_decompress_rle24        
00004c9d  __TI_doflush                 
200053c0  __TI_dtors_ptr               
20005398  __TI_ft_end                  
00001021  __TI_printfi                 
00004e85  __TI_rd_ok                   
00005523  __TI_readmsg                 
00000000  __TI_static_base__           
20005508  __TI_tmpnams                 
000054f1  __TI_writemsg                
00004e23  __TI_wrt_ok                  
00006099  __TI_zero_init               
00005145  __aeabi_cdcmpeq              
00005145  __aeabi_cdcmple              
000051cb  __aeabi_cdrcmple             
000058d5  __aeabi_d2f                  
00005969  __aeabi_d2iz                 
00003e3b  __aeabi_dadd                 
00004411  __aeabi_ddiv                 
000049d1  __aeabi_dmul                 
00003e31  __aeabi_dsub                 
00005bc1  __aeabi_f2d                  
00005d53  __aeabi_i2d                  
00005251  __aeabi_memclr               
00005251  __aeabi_memclr4              
00005251  __aeabi_memclr8              
00004f79  __aeabi_memcpy               
00004f79  __aeabi_memcpy4              
00004f79  __aeabi_memcpy8              
00005253  __aeabi_memset               
00005253  __aeabi_memset4              
00005253  __aeabi_memset8              
200053a4  __aeabi_stderr               
2000539c  __aeabi_stdin                
200053a0  __aeabi_stdout               
00005a85  __aeabi_uidiv                
00005a85  __aeabi_uidivmod             
00003a79  __aeabi_uldivmod             
ffffffff  __binit__                    
ffffffff  __c_args__                   
2000026c  __stack                      
00005f11  _args_main                   
000057ed  _c_int00                     
00006100  _ctypes_                     
20005090  _ftable                      
200053b4  _lock                        
00005fa3  _nop                         
00005f9b  _register_lock               
00005f95  _register_unlock             
20002980  _sys_memory                  
000060fb  _system_pre_init             
200053b8  _unlock                      
00005a45  abort                        
00003189  add_device                   
0000583d  atoi                         
ffffffff  binit                        
00002bd5  calloc                       
00003139  close                        
00005889  copy_in                      
00005a4d  exit                         
00005113  fclose                       
00005c61  feraiseexcept                
00004ce9  fflush                       
00003d8b  fopen                        
000041c3  fputc                        
00004549  fputs                        
00002923  free                         
00003d61  freopen                      
00005dd9  frexp                        
00005629  fseek                        
20005380  g_Acc                        
2000538c  g_Gyro                       
20000000  g_pfnRAMVectors              
00000000  g_pfnVectors                 
00005799  ldexp                        
200056a4  lock                         
00003115  lseek                        
00005743  ltoa                         
00004107  main                         
200053e4  main_func_sp                 
000028bb  malloc                       
00002eb7  max                          
00002af1  memalign                     
00005eab  memccpy                      
00005e6d  memchr                       
00004f79  memcpy                       
00005259  memset                       
00002ee3  min                          
0000282d  minit                        
00003067  open                         
00005349  printf                       
00004655  puts                         
00005d81  raise                        
00003043  read                         
000029e5  realloc                      
00002fb9  remove                       
0000301b  remove_device                
00002fdd  rename                       
00004bc1  setvbuf                      
00005b49  signal                       
00005f41  strchr                       
00005f29  strcmp                       
00005fa9  strcpy                       
00005fbd  strlen                       
00005c95  strncpy                      
00003fe9  task_loop                    
00002fb9  unlink                       
000059b1  vsprintf                     
00002f29  write                        


GLOBAL SYMBOLS: SORTED BY Symbol Address 

address   name                         
-------   ----                         
00000000  __TI_static_base__           
00000000  g_pfnVectors                 
00001021  __TI_printfi                 
00001329  Mpu_DataHandle               
00001491  Mpu_AccOffest                
000019b9  Mpu_GyroOffest               
00001c6b  ReceiveData_Norm             
00001d4d  ReceiveData_Convert          
00001e5d  Remote_CommandGet            
00001e73  Remote_WidthGet              
00001e7d  Imu_DataGet                  
00001efd  UARTStdioConfig              
00001f43  UARTwrite                    
00001f89  UARTgets                     
00002043  UARTgetc                     
00002069  UARTvprintf                  
00002363  UARTprintf                   
00002399  Exti_WidthGet                
00002685  Exti_Init                    
00002710  __STACK_SIZE                 
00002710  __SYSMEM_SIZE                
000027d9  Exti_quit                    
0000282d  minit                        
000028bb  malloc                       
00002923  free                         
000029e5  realloc                      
00002af1  memalign                     
00002bd5  calloc                       
00002c09  Q_rsqrt                      
00002c6b  FL_ABS                       
00002c93  Limit                        
00002cd3  Limitf                       
00002d21  Limit_t2                     
00002d63  Constraint_f                 
00002da9  Constraint_int               
00002dd1  DLPF                         
00002e33  Warp_ToPI                    
00002eb7  max                          
00002ee3  min                          
00002f29  write                        
00002fb9  remove                       
00002fb9  unlink                       
00002fdd  rename                       
0000301b  remove_device                
00003043  read                         
00003067  open                         
00003115  lseek                        
00003139  close                        
00003189  add_device                   
00003235  HOSTwrite                    
00003281  HOSTunlink                   
000032b9  HOSTtime                     
000032f3  HOSTrename                   
00003351  HOSTread                     
0000339d  HOSTopen                     
000033ef  HOSTlseek                    
0000344b  HOSTgetenv                   
00003489  HOSTclose                    
000034c1  HOSTclock                    
00003509  MPU_Writelen                 
00003583  MPU_Readlen                  
00003619  MPU_Writebyte                
00003665  MPU_Readbyte                 
000036a7  MPU_Init                     
00003707  MPU_Getaccelerometergyroscope
000037cd  IIC_Init                     
000037fb  IIC_Start                    
0000383b  IIC_Stop                     
0000387b  IIC_Waitack                  
000038e1  IIC_Ack                      
00003921  IIC_Nack                     
00003961  IIC_Sendbyte                 
000039e9  IIC_Readbyte                 
00003a79  __aeabi_uldivmod             
00003d35  __TI_cleanup                 
00003d61  freopen                      
00003d8b  fopen                        
00003e31  __aeabi_dsub                 
00003e3b  __aeabi_dadd                 
00003fe9  task_loop                    
00004107  main                         
00004113  Control_Isr                  
00004121  Exti_Isr                     
00004181  Uart_Init                    
000041c3  fputc                        
000041d7  UartPutchar                  
0000420d  UartSendString               
00004229  IntToString                  
00004293  Printf                       
000042cd  Pwm_init                     
000043b1  Pwm_Set1                     
000043c1  Pwm_Set2                     
000043d1  Pwm_Set3                     
000043e1  Pwm_Set4                     
00004411  __aeabi_ddiv                 
00004549  fputs                        
00004655  puts                         
0000467d  GPIOPadConfigSet             
000047b1  SysCtlClockGet               
000048c1  _Dscale                      
000049d1  __aeabi_dmul                 
00004acd  SysCtlClockSet               
00004bc1  setvbuf                      
00004c9d  __TI_doflush                 
00004ce9  fflush                       
00004d65  _Dnorm                       
00004e23  __TI_wrt_ok                  
00004e85  __TI_rd_ok                   
00004ed1  Sonar_GpioInit               
00004ee3  Sonar_Delay10us              
00004f17  Sonar_Encourage              
00004f33  Sonar_GetDist                
00004f79  __aeabi_memcpy               
00004f79  __aeabi_memcpy4              
00004f79  __aeabi_memcpy8              
00004f79  memcpy                       
00005015  G_GetDt                      
000050ad  __TI_closefile               
00005113  fclose                       
00005145  __aeabi_cdcmpeq              
00005145  __aeabi_cdcmple              
000051cb  __aeabi_cdrcmple             
00005251  __aeabi_memclr               
00005251  __aeabi_memclr4              
00005251  __aeabi_memclr8              
00005253  __aeabi_memset               
00005253  __aeabi_memset4              
00005253  __aeabi_memset8              
00005259  memset                       
000052cb  Delay_ms                     
00005307  Delay_us                     
00005349  printf                       
000053b1  __TI_auto_init               
00005489  IntEnable                    
000054f1  __TI_writemsg                
0000551f  C$$IO$$                      
00005523  __TI_readmsg                 
00005559  Timer_Init                   
00005577  Timer_Control                
0000559d  Timer_CaptureInit            
000055c1  _Dunscale                    
00005629  fseek                        
0000568d  TimerConfigure               
000056ed  GPIOIntTypeSet               
00005743  ltoa                         
00005799  ldexp                        
000057ed  _c_int00                     
0000583d  atoi                         
00005889  copy_in                      
000058d5  __aeabi_d2f                  
00005921  GPIOPinConfigure             
00005969  __aeabi_d2iz                 
000059b1  vsprintf                     
000059f9  UARTConfigSetExpClk          
00005a41  C$$EXIT                      
00005a45  abort                        
00005a4d  exit                         
00005a85  __aeabi_uidiv                
00005a85  __aeabi_uidivmod             
00005b09  Led_Init                     
00005b1b  Led_Reverse                  
00005b49  signal                       
00005b89  SysCtlPeripheralPresent      
00005bc1  __aeabi_f2d                  
00005bf9  IntRegister                  
00005c2d  SysCtlPeripheralEnable       
00005c61  feraiseexcept                
00005c95  strncpy                      
00005cc5  _Dclass                      
00005cf5  _Feraise                     
00005d25  Hardware_Init                
00005d53  __aeabi_i2d                  
00005d81  raise                        
00005daf  GPIODirModeSet               
00005dd9  frexp                        
00005e05  IntPrioritySet               
00005e29  PWMGenConfigure              
00005e4d  UARTDisable                  
00005e6d  memchr                       
00005e8d  PWMPulseWidthSet             
00005eab  memccpy                      
00005ec7  GPIOIntRegister              
00005edf  GPIOPinTypeGPIOOutput        
00005ef9  TimerDisable                 
00005f11  _args_main                   
00005f29  strcmp                       
00005f41  strchr                       
00005f59  SysCtlPWMClockSet            
00005f6d  UARTEnable                   
00005f81  System_ClockInit             
00005f95  _register_unlock             
00005f9b  _register_lock               
00005fa3  _nop                         
00005fa9  strcpy                       
00005fbd  strlen                       
00005fd1  GPIOPinTypeGPIOInput         
00005fe3  GPIOPinTypePWM               
00005ff5  GPIOPinTypeUART              
00006007  PWMOutputState               
00006019  TimerLoadSet                 
0000602b  IntMasterEnable              
0000603b  PWMGenPeriodSet              
0000604b  GPIOIntStatus                
00006059  TimerEnable                  
00006067  __TI_decompress_none         
00006075  CPUcpsie                     
00006081  GPIOIntEnable                
0000608d  PWMGenEnable                 
00006099  __TI_zero_init               
000060a5  ResetISR                     
000060b1  TimerValueGet                
000060bb  UARTCharGet                  
000060c5  UARTCharPut                  
000060cf  UARTBusy                     
000060d7  GPIOIntClear                 
000060dd  GPIOPinRead                  
000060e3  GPIOPinWrite                 
000060e9  SysCtlDelay                  
000060ef  UARTClockSourceSet           
000060f5  __TI_decompress_rle24        
000060fb  _system_pre_init             
00006100  _ctypes_                     
00006684  __TI_Handler_Table_Base      
00006690  __TI_Handler_Table_Limit     
000066a0  __TI_CINIT_Base              
000066b8  __TI_CINIT_Limit             
20000000  g_pfnRAMVectors              
2000026c  __stack                      
2000046c  __STACK_TOP                  
2000297c  __STACK_END                  
20002980  _sys_memory                  
20005090  _ftable                      
20005300  _Denorm                      
20005310  _Eps                         
20005320  _Hugeval                     
20005330  _Inf                         
20005340  _Nan                         
20005350  _Snan                        
20005360  _Rteps                       
20005370  _Xbig                        
20005378  _Zero                        
20005380  g_Acc                        
2000538c  g_Gyro                       
20005398  __TI_ft_end                  
2000539c  __aeabi_stdin                
200053a0  __aeabi_stdout               
200053a4  __aeabi_stderr               
200053b4  _lock                        
200053b8  _unlock                      
200053bc  __TI_cleanup_ptr             
200053c0  __TI_dtors_ptr               
200053c4  _Fenv                        
200053c8  _Tls_setup__Fenv             
200053cc  Acc_Offsetx                  
200053ce  Acc_Offsety                  
200053d0  Acc_Offsetz                  
200053dc  _Errno                       
200053e4  main_func_sp                 
200053e8  __CIOBUF_                    
20005508  __TI_tmpnams                 
200055a8  Command                      
200055c0  Command_Uint                 
200055d8  Chx                          
200055e8  Mpu6050_Data                 
200055f6  Mpu_Data                     
20005604  Gyro_Offsetx                 
20005640  Gyro_Offsety                 
20005644  Gyro_Offsetz                 
20005648  Kaccx                        
2000564c  Kaccy                        
20005650  Kaccz                        
200056a4  lock                         
ffffffff  __binit__                    
ffffffff  __c_args__                   
ffffffff  binit                        
UNDEFED   SHT$$INIT_ARRAY$$Base        
UNDEFED   SHT$$INIT_ARRAY$$Limit       

[277 symbols]
