<?xml version="1.0"?>
<link_info>
   <banner>TI ARM Linker PC v5.2.2</banner>
   <copyright>Copyright (c) 1996-2015 Texas Instruments Incorporated</copyright>
   <link_time>0x58180716</link_time>
   <link_errors>0x0</link_errors>
   <output_file>quad.out</output_file>
   <entry_point>
      <name>_c_int00</name>
      <address>0x57ed</address>
   </entry_point>
   <input_file_list>
      <input_file id="fl-2">
         <path>.\</path>
         <kind>object</kind>
         <file>global.obj</file>
         <name>global.obj</name>
      </input_file>
      <input_file id="fl-3">
         <path>.\</path>
         <kind>object</kind>
         <file>main.obj</file>
         <name>main.obj</name>
      </input_file>
      <input_file id="fl-4">
         <path>.\</path>
         <kind>object</kind>
         <file>quad_math.obj</file>
         <name>quad_math.obj</name>
      </input_file>
      <input_file id="fl-5">
         <path>.\</path>
         <kind>object</kind>
         <file>tm4c123gh6pm_startup_ccs.obj</file>
         <name>tm4c123gh6pm_startup_ccs.obj</name>
      </input_file>
      <input_file id="fl-6">
         <path>.\interface\</path>
         <kind>object</kind>
         <file>data.obj</file>
         <name>data.obj</name>
      </input_file>
      <input_file id="fl-7">
         <path>.\basement\</path>
         <kind>object</kind>
         <file>bsp.obj</file>
         <name>bsp.obj</name>
      </input_file>
      <input_file id="fl-8">
         <path>.\basement\</path>
         <kind>object</kind>
         <file>delay.obj</file>
         <name>delay.obj</name>
      </input_file>
      <input_file id="fl-9">
         <path>.\basement\</path>
         <kind>object</kind>
         <file>exti.obj</file>
         <name>exti.obj</name>
      </input_file>
      <input_file id="fl-a">
         <path>.\basement\</path>
         <kind>object</kind>
         <file>ii2c.obj</file>
         <name>ii2c.obj</name>
      </input_file>
      <input_file id="fl-b">
         <path>.\basement\</path>
         <kind>object</kind>
         <file>led.obj</file>
         <name>led.obj</name>
      </input_file>
      <input_file id="fl-c">
         <path>.\basement\</path>
         <kind>object</kind>
         <file>mpu6050.obj</file>
         <name>mpu6050.obj</name>
      </input_file>
      <input_file id="fl-d">
         <path>.\basement\</path>
         <kind>object</kind>
         <file>pll.obj</file>
         <name>pll.obj</name>
      </input_file>
      <input_file id="fl-e">
         <path>.\basement\</path>
         <kind>object</kind>
         <file>pwm.obj</file>
         <name>pwm.obj</name>
      </input_file>
      <input_file id="fl-f">
         <path>.\basement\</path>
         <kind>object</kind>
         <file>sonar.obj</file>
         <name>sonar.obj</name>
      </input_file>
      <input_file id="fl-10">
         <path>.\basement\</path>
         <kind>object</kind>
         <file>timer.obj</file>
         <name>timer.obj</name>
      </input_file>
      <input_file id="fl-11">
         <path>.\basement\</path>
         <kind>object</kind>
         <file>uart.obj</file>
         <name>uart.obj</name>
      </input_file>
      <input_file id="fl-12">
         <path>.\basement\</path>
         <kind>object</kind>
         <file>uartstdio.obj</file>
         <name>uartstdio.obj</name>
      </input_file>
      <input_file id="fl-13c">
         <path>D:\CCS\ccsv6\tools\compiler\ti-cgt-arm_5.2.2\lib\</path>
         <kind>archive</kind>
         <file>rtsv7M4_T_le_v4SPD16_eabi.lib</file>
         <name>boot.obj</name>
      </input_file>
      <input_file id="fl-13d">
         <path>D:\CCS\ccsv6\tools\compiler\ti-cgt-arm_5.2.2\lib\</path>
         <kind>archive</kind>
         <file>rtsv7M4_T_le_v4SPD16_eabi.lib</file>
         <name>copy_decompress_none.obj</name>
      </input_file>
      <input_file id="fl-13e">
         <path>D:\CCS\ccsv6\tools\compiler\ti-cgt-arm_5.2.2\lib\</path>
         <kind>archive</kind>
         <file>rtsv7M4_T_le_v4SPD16_eabi.lib</file>
         <name>copy_decompress_rle.obj</name>
      </input_file>
      <input_file id="fl-13f">
         <path>D:\CCS\ccsv6\tools\compiler\ti-cgt-arm_5.2.2\lib\</path>
         <kind>archive</kind>
         <file>rtsv7M4_T_le_v4SPD16_eabi.lib</file>
         <name>copy_zero_init.obj</name>
      </input_file>
      <input_file id="fl-140">
         <path>D:\CCS\ccsv6\tools\compiler\ti-cgt-arm_5.2.2\lib\</path>
         <kind>archive</kind>
         <file>rtsv7M4_T_le_v4SPD16_eabi.lib</file>
         <name>exit.obj</name>
      </input_file>
      <input_file id="fl-141">
         <path>D:\CCS\ccsv6\tools\compiler\ti-cgt-arm_5.2.2\lib\</path>
         <kind>archive</kind>
         <file>rtsv7M4_T_le_v4SPD16_eabi.lib</file>
         <name>fd_add_t2.obj</name>
      </input_file>
      <input_file id="fl-142">
         <path>D:\CCS\ccsv6\tools\compiler\ti-cgt-arm_5.2.2\lib\</path>
         <kind>archive</kind>
         <file>rtsv7M4_T_le_v4SPD16_eabi.lib</file>
         <name>fd_cmp_t2.obj</name>
      </input_file>
      <input_file id="fl-143">
         <path>D:\CCS\ccsv6\tools\compiler\ti-cgt-arm_5.2.2\lib\</path>
         <kind>archive</kind>
         <file>rtsv7M4_T_le_v4SPD16_eabi.lib</file>
         <name>fd_div_t2.obj</name>
      </input_file>
      <input_file id="fl-144">
         <path>D:\CCS\ccsv6\tools\compiler\ti-cgt-arm_5.2.2\lib\</path>
         <kind>archive</kind>
         <file>rtsv7M4_T_le_v4SPD16_eabi.lib</file>
         <name>fd_mul_t2.obj</name>
      </input_file>
      <input_file id="fl-145">
         <path>D:\CCS\ccsv6\tools\compiler\ti-cgt-arm_5.2.2\lib\</path>
         <kind>archive</kind>
         <file>rtsv7M4_T_le_v4SPD16_eabi.lib</file>
         <name>fd_toi_t2.obj</name>
      </input_file>
      <input_file id="fl-146">
         <path>D:\CCS\ccsv6\tools\compiler\ti-cgt-arm_5.2.2\lib\</path>
         <kind>archive</kind>
         <file>rtsv7M4_T_le_v4SPD16_eabi.lib</file>
         <name>fd_tos_t2.obj</name>
      </input_file>
      <input_file id="fl-147">
         <path>D:\CCS\ccsv6\tools\compiler\ti-cgt-arm_5.2.2\lib\</path>
         <kind>archive</kind>
         <file>rtsv7M4_T_le_v4SPD16_eabi.lib</file>
         <name>fs_tod_t2.obj</name>
      </input_file>
      <input_file id="fl-148">
         <path>D:\CCS\ccsv6\tools\compiler\ti-cgt-arm_5.2.2\lib\</path>
         <kind>archive</kind>
         <file>rtsv7M4_T_le_v4SPD16_eabi.lib</file>
         <name>i_tofd_t2.obj</name>
      </input_file>
      <input_file id="fl-149">
         <path>D:\CCS\ccsv6\tools\compiler\ti-cgt-arm_5.2.2\lib\</path>
         <kind>archive</kind>
         <file>rtsv7M4_T_le_v4SPD16_eabi.lib</file>
         <name>memcpy_t2.obj</name>
      </input_file>
      <input_file id="fl-14a">
         <path>D:\CCS\ccsv6\tools\compiler\ti-cgt-arm_5.2.2\lib\</path>
         <kind>archive</kind>
         <file>rtsv7M4_T_le_v4SPD16_eabi.lib</file>
         <name>memset_t2.obj</name>
      </input_file>
      <input_file id="fl-14b">
         <path>D:\CCS\ccsv6\tools\compiler\ti-cgt-arm_5.2.2\lib\</path>
         <kind>archive</kind>
         <file>rtsv7M4_T_le_v4SPD16_eabi.lib</file>
         <name>pre_init.obj</name>
      </input_file>
      <input_file id="fl-14c">
         <path>D:\CCS\ccsv6\tools\compiler\ti-cgt-arm_5.2.2\lib\</path>
         <kind>archive</kind>
         <file>rtsv7M4_T_le_v4SPD16_eabi.lib</file>
         <name>printf.obj</name>
      </input_file>
      <input_file id="fl-14d">
         <path>D:\CCS\ccsv6\tools\compiler\ti-cgt-arm_5.2.2\lib\</path>
         <kind>archive</kind>
         <file>rtsv7M4_T_le_v4SPD16_eabi.lib</file>
         <name>stkdepth_vars.obj</name>
      </input_file>
      <input_file id="fl-14e">
         <path>D:\CCS\ccsv6\tools\compiler\ti-cgt-arm_5.2.2\lib\</path>
         <kind>archive</kind>
         <file>rtsv7M4_T_le_v4SPD16_eabi.lib</file>
         <name>u_divt2.obj</name>
      </input_file>
      <input_file id="fl-14f">
         <path>D:\CCS\ccsv6\tools\compiler\ti-cgt-arm_5.2.2\lib\</path>
         <kind>archive</kind>
         <file>rtsv7M4_T_le_v4SPD16_eabi.lib</file>
         <name>vsprintf.obj</name>
      </input_file>
      <input_file id="fl-150">
         <path>D:\CCS\ccsv6\tools\compiler\ti-cgt-arm_5.2.2\lib\</path>
         <kind>archive</kind>
         <file>rtsv7M4_T_le_v4SPD16_eabi.lib</file>
         <name>_lock.obj</name>
      </input_file>
      <input_file id="fl-151">
         <path>D:\CCS\ccsv6\tools\compiler\ti-cgt-arm_5.2.2\lib\</path>
         <kind>archive</kind>
         <file>rtsv7M4_T_le_v4SPD16_eabi.lib</file>
         <name>_printfi.obj</name>
      </input_file>
      <input_file id="fl-152">
         <path>D:\CCS\ccsv6\tools\compiler\ti-cgt-arm_5.2.2\lib\</path>
         <kind>archive</kind>
         <file>rtsv7M4_T_le_v4SPD16_eabi.lib</file>
         <name>args_main.obj</name>
      </input_file>
      <input_file id="fl-153">
         <path>D:\CCS\ccsv6\tools\compiler\ti-cgt-arm_5.2.2\lib\</path>
         <kind>archive</kind>
         <file>rtsv7M4_T_le_v4SPD16_eabi.lib</file>
         <name>atoi.obj</name>
      </input_file>
      <input_file id="fl-154">
         <path>D:\CCS\ccsv6\tools\compiler\ti-cgt-arm_5.2.2\lib\</path>
         <kind>archive</kind>
         <file>rtsv7M4_T_le_v4SPD16_eabi.lib</file>
         <name>autoinit.obj</name>
      </input_file>
      <input_file id="fl-155">
         <path>D:\CCS\ccsv6\tools\compiler\ti-cgt-arm_5.2.2\lib\</path>
         <kind>archive</kind>
         <file>rtsv7M4_T_le_v4SPD16_eabi.lib</file>
         <name>cpy_tbl.obj</name>
      </input_file>
      <input_file id="fl-156">
         <path>D:\CCS\ccsv6\tools\compiler\ti-cgt-arm_5.2.2\lib\</path>
         <kind>archive</kind>
         <file>rtsv7M4_T_le_v4SPD16_eabi.lib</file>
         <name>ctype.obj</name>
      </input_file>
      <input_file id="fl-157">
         <path>D:\CCS\ccsv6\tools\compiler\ti-cgt-arm_5.2.2\lib\</path>
         <kind>archive</kind>
         <file>rtsv7M4_T_le_v4SPD16_eabi.lib</file>
         <name>defs.obj</name>
      </input_file>
      <input_file id="fl-158">
         <path>D:\CCS\ccsv6\tools\compiler\ti-cgt-arm_5.2.2\lib\</path>
         <kind>archive</kind>
         <file>rtsv7M4_T_le_v4SPD16_eabi.lib</file>
         <name>fputs.obj</name>
      </input_file>
      <input_file id="fl-159">
         <path>D:\CCS\ccsv6\tools\compiler\ti-cgt-arm_5.2.2\lib\</path>
         <kind>archive</kind>
         <file>rtsv7M4_T_le_v4SPD16_eabi.lib</file>
         <name>frexp.obj</name>
      </input_file>
      <input_file id="fl-15a">
         <path>D:\CCS\ccsv6\tools\compiler\ti-cgt-arm_5.2.2\lib\</path>
         <kind>archive</kind>
         <file>rtsv7M4_T_le_v4SPD16_eabi.lib</file>
         <name>ldexp.obj</name>
      </input_file>
      <input_file id="fl-15b">
         <path>D:\CCS\ccsv6\tools\compiler\ti-cgt-arm_5.2.2\lib\</path>
         <kind>archive</kind>
         <file>rtsv7M4_T_le_v4SPD16_eabi.lib</file>
         <name>lowlev.obj</name>
      </input_file>
      <input_file id="fl-15c">
         <path>D:\CCS\ccsv6\tools\compiler\ti-cgt-arm_5.2.2\lib\</path>
         <kind>archive</kind>
         <file>rtsv7M4_T_le_v4SPD16_eabi.lib</file>
         <name>ltoa.obj</name>
      </input_file>
      <input_file id="fl-15d">
         <path>D:\CCS\ccsv6\tools\compiler\ti-cgt-arm_5.2.2\lib\</path>
         <kind>archive</kind>
         <file>rtsv7M4_T_le_v4SPD16_eabi.lib</file>
         <name>memccpy.obj</name>
      </input_file>
      <input_file id="fl-15e">
         <path>D:\CCS\ccsv6\tools\compiler\ti-cgt-arm_5.2.2\lib\</path>
         <kind>archive</kind>
         <file>rtsv7M4_T_le_v4SPD16_eabi.lib</file>
         <name>memchr.obj</name>
      </input_file>
      <input_file id="fl-15f">
         <path>D:\CCS\ccsv6\tools\compiler\ti-cgt-arm_5.2.2\lib\</path>
         <kind>archive</kind>
         <file>rtsv7M4_T_le_v4SPD16_eabi.lib</file>
         <name>strchr.obj</name>
      </input_file>
      <input_file id="fl-160">
         <path>D:\CCS\ccsv6\tools\compiler\ti-cgt-arm_5.2.2\lib\</path>
         <kind>archive</kind>
         <file>rtsv7M4_T_le_v4SPD16_eabi.lib</file>
         <name>strcmp.obj</name>
      </input_file>
      <input_file id="fl-161">
         <path>D:\CCS\ccsv6\tools\compiler\ti-cgt-arm_5.2.2\lib\</path>
         <kind>archive</kind>
         <file>rtsv7M4_T_le_v4SPD16_eabi.lib</file>
         <name>strlen.obj</name>
      </input_file>
      <input_file id="fl-162">
         <path>D:\CCS\ccsv6\tools\compiler\ti-cgt-arm_5.2.2\lib\</path>
         <kind>archive</kind>
         <file>rtsv7M4_T_le_v4SPD16_eabi.lib</file>
         <name>strncpy.obj</name>
      </input_file>
      <input_file id="fl-163">
         <path>D:\CCS\ccsv6\tools\compiler\ti-cgt-arm_5.2.2\lib\</path>
         <kind>archive</kind>
         <file>rtsv7M4_T_le_v4SPD16_eabi.lib</file>
         <name>trgdrv.obj</name>
      </input_file>
      <input_file id="fl-164">
         <path>D:\CCS\ccsv6\tools\compiler\ti-cgt-arm_5.2.2\lib\</path>
         <kind>archive</kind>
         <file>rtsv7M4_T_le_v4SPD16_eabi.lib</file>
         <name>trgmsg.obj</name>
      </input_file>
      <input_file id="fl-165">
         <path>D:\CCS\ccsv6\tools\compiler\ti-cgt-arm_5.2.2\lib\</path>
         <kind>archive</kind>
         <file>rtsv7M4_T_le_v4SPD16_eabi.lib</file>
         <name>ull_div_t2.obj</name>
      </input_file>
      <input_file id="fl-166">
         <path>D:\CCS\ccsv6\tools\compiler\ti-cgt-arm_5.2.2\lib\</path>
         <kind>archive</kind>
         <file>rtsv7M4_T_le_v4SPD16_eabi.lib</file>
         <name>xdclass.obj</name>
      </input_file>
      <input_file id="fl-167">
         <path>D:\CCS\ccsv6\tools\compiler\ti-cgt-arm_5.2.2\lib\</path>
         <kind>archive</kind>
         <file>rtsv7M4_T_le_v4SPD16_eabi.lib</file>
         <name>xdscale.obj</name>
      </input_file>
      <input_file id="fl-168">
         <path>D:\CCS\ccsv6\tools\compiler\ti-cgt-arm_5.2.2\lib\</path>
         <kind>archive</kind>
         <file>rtsv7M4_T_le_v4SPD16_eabi.lib</file>
         <name>xdunscal.obj</name>
      </input_file>
      <input_file id="fl-169">
         <path>D:\CCS\ccsv6\tools\compiler\ti-cgt-arm_5.2.2\lib\</path>
         <kind>archive</kind>
         <file>rtsv7M4_T_le_v4SPD16_eabi.lib</file>
         <name>xferaise.obj</name>
      </input_file>
      <input_file id="fl-16a">
         <path>D:\CCS\ccsv6\tools\compiler\ti-cgt-arm_5.2.2\lib\</path>
         <kind>archive</kind>
         <file>rtsv7M4_T_le_v4SPD16_eabi.lib</file>
         <name>xvalues.obj</name>
      </input_file>
      <input_file id="fl-16b">
         <path>D:\CCS\ccsv6\tools\compiler\ti-cgt-arm_5.2.2\lib\</path>
         <kind>archive</kind>
         <file>rtsv7M4_T_le_v4SPD16_eabi.lib</file>
         <name>_io_perm.obj</name>
      </input_file>
      <input_file id="fl-16c">
         <path>D:\CCS\ccsv6\tools\compiler\ti-cgt-arm_5.2.2\lib\</path>
         <kind>archive</kind>
         <file>rtsv7M4_T_le_v4SPD16_eabi.lib</file>
         <name>errno.obj</name>
      </input_file>
      <input_file id="fl-16d">
         <path>D:\CCS\ccsv6\tools\compiler\ti-cgt-arm_5.2.2\lib\</path>
         <kind>archive</kind>
         <file>rtsv7M4_T_le_v4SPD16_eabi.lib</file>
         <name>feraiseexcept.obj</name>
      </input_file>
      <input_file id="fl-16e">
         <path>D:\CCS\ccsv6\tools\compiler\ti-cgt-arm_5.2.2\lib\</path>
         <kind>archive</kind>
         <file>rtsv7M4_T_le_v4SPD16_eabi.lib</file>
         <name>fflush.obj</name>
      </input_file>
      <input_file id="fl-16f">
         <path>D:\CCS\ccsv6\tools\compiler\ti-cgt-arm_5.2.2\lib\</path>
         <kind>archive</kind>
         <file>rtsv7M4_T_le_v4SPD16_eabi.lib</file>
         <name>fseek.obj</name>
      </input_file>
      <input_file id="fl-170">
         <path>D:\CCS\ccsv6\tools\compiler\ti-cgt-arm_5.2.2\lib\</path>
         <kind>archive</kind>
         <file>rtsv7M4_T_le_v4SPD16_eabi.lib</file>
         <name>raise.obj</name>
      </input_file>
      <input_file id="fl-171">
         <path>D:\CCS\ccsv6\tools\compiler\ti-cgt-arm_5.2.2\lib\</path>
         <kind>archive</kind>
         <file>rtsv7M4_T_le_v4SPD16_eabi.lib</file>
         <name>setvbuf.obj</name>
      </input_file>
      <input_file id="fl-172">
         <path>D:\CCS\ccsv6\tools\compiler\ti-cgt-arm_5.2.2\lib\</path>
         <kind>archive</kind>
         <file>rtsv7M4_T_le_v4SPD16_eabi.lib</file>
         <name>signal.obj</name>
      </input_file>
      <input_file id="fl-173">
         <path>D:\CCS\ccsv6\tools\compiler\ti-cgt-arm_5.2.2\lib\</path>
         <kind>archive</kind>
         <file>rtsv7M4_T_le_v4SPD16_eabi.lib</file>
         <name>strcpy.obj</name>
      </input_file>
      <input_file id="fl-174">
         <path>D:\CCS\ccsv6\tools\compiler\ti-cgt-arm_5.2.2\lib\</path>
         <kind>archive</kind>
         <file>rtsv7M4_T_le_v4SPD16_eabi.lib</file>
         <name>xdnorm.obj</name>
      </input_file>
      <input_file id="fl-175">
         <path>D:\CCS\ccsv6\tools\compiler\ti-cgt-arm_5.2.2\lib\</path>
         <kind>archive</kind>
         <file>rtsv7M4_T_le_v4SPD16_eabi.lib</file>
         <name>fopen.obj</name>
      </input_file>
      <input_file id="fl-176">
         <path>D:\CCS\ccsv6\tools\compiler\ti-cgt-arm_5.2.2\lib\</path>
         <kind>archive</kind>
         <file>rtsv7M4_T_le_v4SPD16_eabi.lib</file>
         <name>memory.obj</name>
      </input_file>
      <input_file id="fl-177">
         <path>D:\CCS\ccsv6\tools\compiler\ti-cgt-arm_5.2.2\lib\</path>
         <kind>archive</kind>
         <file>rtsv7M4_T_le_v4SPD16_eabi.lib</file>
         <name>fclose.obj</name>
      </input_file>
      <input_file id="fl-178">
         <path>D:\CCS\ccsv6\tools\compiler\ti-cgt-arm_5.2.2\lib\</path>
         <kind>archive</kind>
         <file>rtsv7M4_T_le_v4SPD16_eabi.lib</file>
         <name>remove.obj</name>
      </input_file>
      <input_file id="fl-179">
         <path>C:\Users\home\Desktop\TI\TI Code\TivaWare_C_Series-2.1.2.111\driverlib\ccs\Debug\</path>
         <kind>archive</kind>
         <file>driverlib.lib</file>
         <name>gpio.obj</name>
      </input_file>
      <input_file id="fl-17a">
         <path>C:\Users\home\Desktop\TI\TI Code\TivaWare_C_Series-2.1.2.111\driverlib\ccs\Debug\</path>
         <kind>archive</kind>
         <file>driverlib.lib</file>
         <name>interrupt.obj</name>
      </input_file>
      <input_file id="fl-17b">
         <path>C:\Users\home\Desktop\TI\TI Code\TivaWare_C_Series-2.1.2.111\driverlib\ccs\Debug\</path>
         <kind>archive</kind>
         <file>driverlib.lib</file>
         <name>pwm.obj</name>
      </input_file>
      <input_file id="fl-17c">
         <path>C:\Users\home\Desktop\TI\TI Code\TivaWare_C_Series-2.1.2.111\driverlib\ccs\Debug\</path>
         <kind>archive</kind>
         <file>driverlib.lib</file>
         <name>sysctl.obj</name>
      </input_file>
      <input_file id="fl-17d">
         <path>C:\Users\home\Desktop\TI\TI Code\TivaWare_C_Series-2.1.2.111\driverlib\ccs\Debug\</path>
         <kind>archive</kind>
         <file>driverlib.lib</file>
         <name>timer.obj</name>
      </input_file>
      <input_file id="fl-17e">
         <path>C:\Users\home\Desktop\TI\TI Code\TivaWare_C_Series-2.1.2.111\driverlib\ccs\Debug\</path>
         <kind>archive</kind>
         <file>driverlib.lib</file>
         <name>uart.obj</name>
      </input_file>
      <input_file id="fl-17f">
         <path>C:\Users\home\Desktop\TI\TI Code\TivaWare_C_Series-2.1.2.111\driverlib\ccs\Debug\</path>
         <kind>archive</kind>
         <file>driverlib.lib</file>
         <name>cpu.obj</name>
      </input_file>
   </input_file_list>
   <object_component_list>
      <object_component id="oc-f">
         <name>.intvecs</name>
         <load_address>0x0</load_address>
         <run_address>0x0</run_address>
         <size>0x26c</size>
         <input_file_ref idref="fl-5"/>
      </object_component>
      <object_component id="oc-277">
         <name>.text</name>
         <load_address>0x26c</load_address>
         <run_address>0x26c</run_address>
         <size>0x10ba</size>
         <input_file_ref idref="fl-151"/>
      </object_component>
      <object_component id="oc-e7">
         <name>.text</name>
         <load_address>0x1328</load_address>
         <run_address>0x1328</run_address>
         <size>0xbd4</size>
         <input_file_ref idref="fl-6"/>
      </object_component>
      <object_component id="oc-1ae">
         <name>.text</name>
         <load_address>0x1efc</load_address>
         <run_address>0x1efc</run_address>
         <size>0x49c</size>
         <input_file_ref idref="fl-12"/>
      </object_component>
      <object_component id="oc-ff">
         <name>.text</name>
         <load_address>0x2398</load_address>
         <run_address>0x2398</run_address>
         <size>0x494</size>
         <input_file_ref idref="fl-9"/>
      </object_component>
      <object_component id="oc-487">
         <name>.text</name>
         <load_address>0x282c</load_address>
         <run_address>0x282c</run_address>
         <size>0x3dc</size>
         <input_file_ref idref="fl-176"/>
      </object_component>
      <object_component id="oc-1bb">
         <name>.text</name>
         <load_address>0x2c08</load_address>
         <run_address>0x2c08</run_address>
         <size>0x320</size>
         <input_file_ref idref="fl-4"/>
      </object_component>
      <object_component id="oc-3af">
         <name>.text</name>
         <load_address>0x2f28</load_address>
         <run_address>0x2f28</run_address>
         <size>0x30c</size>
         <input_file_ref idref="fl-15b"/>
      </object_component>
      <object_component id="oc-4a6">
         <name>.text</name>
         <load_address>0x3234</load_address>
         <run_address>0x3234</run_address>
         <size>0x2d4</size>
         <input_file_ref idref="fl-163"/>
      </object_component>
      <object_component id="oc-105">
         <name>.text</name>
         <load_address>0x3508</load_address>
         <run_address>0x3508</run_address>
         <size>0x2c4</size>
         <input_file_ref idref="fl-c"/>
      </object_component>
      <object_component id="oc-241">
         <name>.text</name>
         <load_address>0x37cc</load_address>
         <run_address>0x37cc</run_address>
         <size>0x2ac</size>
         <input_file_ref idref="fl-a"/>
      </object_component>
      <object_component id="oc-350">
         <name>.text</name>
         <load_address>0x3a78</load_address>
         <run_address>0x3a78</run_address>
         <size>0x1f4</size>
         <input_file_ref idref="fl-165"/>
      </object_component>
      <object_component id="oc-48d">
         <name>.text</name>
         <load_address>0x3c6c</load_address>
         <run_address>0x3c6c</run_address>
         <size>0x1c4</size>
         <input_file_ref idref="fl-175"/>
      </object_component>
      <object_component id="oc-198">
         <name>.text</name>
         <load_address>0x3e30</load_address>
         <run_address>0x3e30</run_address>
         <size>0x1b6</size>
         <input_file_ref idref="fl-141"/>
      </object_component>
      <object_component id="oc-a4">
         <name>.text</name>
         <load_address>0x3fe8</load_address>
         <run_address>0x3fe8</run_address>
         <size>0x198</size>
         <input_file_ref idref="fl-3"/>
      </object_component>
      <object_component id="oc-e1">
         <name>.text</name>
         <load_address>0x4180</load_address>
         <run_address>0x4180</run_address>
         <size>0x14c</size>
         <input_file_ref idref="fl-11"/>
      </object_component>
      <object_component id="oc-1ee">
         <name>.text</name>
         <load_address>0x42cc</load_address>
         <run_address>0x42cc</run_address>
         <size>0x144</size>
         <input_file_ref idref="fl-e"/>
      </object_component>
      <object_component id="oc-19d">
         <name>.text</name>
         <load_address>0x4410</load_address>
         <run_address>0x4410</run_address>
         <size>0x136</size>
         <input_file_ref idref="fl-143"/>
      </object_component>
      <object_component id="oc-290">
         <name>.text</name>
         <load_address>0x4548</load_address>
         <run_address>0x4548</run_address>
         <size>0x134</size>
         <input_file_ref idref="fl-158"/>
      </object_component>
      <object_component id="oc-212">
         <name>.text:GPIOPadConfigSet</name>
         <load_address>0x467c</load_address>
         <run_address>0x467c</run_address>
         <size>0x132</size>
         <input_file_ref idref="fl-179"/>
      </object_component>
      <object_component id="oc-155">
         <name>.text:SysCtlClockGet</name>
         <load_address>0x47b0</load_address>
         <run_address>0x47b0</run_address>
         <size>0x110</size>
         <input_file_ref idref="fl-17c"/>
      </object_component>
      <object_component id="oc-402">
         <name>.text</name>
         <load_address>0x48c0</load_address>
         <run_address>0x48c0</run_address>
         <size>0x110</size>
         <input_file_ref idref="fl-167"/>
      </object_component>
      <object_component id="oc-1c1">
         <name>.text</name>
         <load_address>0x49d0</load_address>
         <run_address>0x49d0</run_address>
         <size>0xfc</size>
         <input_file_ref idref="fl-144"/>
      </object_component>
      <object_component id="oc-2c3">
         <name>.text:SysCtlClockSet</name>
         <load_address>0x4acc</load_address>
         <run_address>0x4acc</run_address>
         <size>0xf4</size>
         <input_file_ref idref="fl-17c"/>
      </object_component>
      <object_component id="oc-428">
         <name>.text</name>
         <load_address>0x4bc0</load_address>
         <run_address>0x4bc0</run_address>
         <size>0xdc</size>
         <input_file_ref idref="fl-171"/>
      </object_component>
      <object_component id="oc-3a9">
         <name>.text</name>
         <load_address>0x4c9c</load_address>
         <run_address>0x4c9c</run_address>
         <size>0xc8</size>
         <input_file_ref idref="fl-16e"/>
      </object_component>
      <object_component id="oc-45f">
         <name>.text</name>
         <load_address>0x4d64</load_address>
         <run_address>0x4d64</run_address>
         <size>0xbe</size>
         <input_file_ref idref="fl-174"/>
      </object_component>
      <object_component id="oc-39d">
         <name>.text</name>
         <load_address>0x4e22</load_address>
         <run_address>0x4e22</run_address>
         <size>0xac</size>
         <input_file_ref idref="fl-16b"/>
      </object_component>
      <object_component id="oc-f3">
         <name>.text</name>
         <load_address>0x4ed0</load_address>
         <run_address>0x4ed0</run_address>
         <size>0xa8</size>
         <input_file_ref idref="fl-f"/>
      </object_component>
      <object_component id="oc-36">
         <name>.text</name>
         <load_address>0x4f78</load_address>
         <run_address>0x4f78</run_address>
         <size>0x9c</size>
         <input_file_ref idref="fl-149"/>
      </object_component>
      <object_component id="oc-d1">
         <name>.text</name>
         <load_address>0x5014</load_address>
         <run_address>0x5014</run_address>
         <size>0x98</size>
         <input_file_ref idref="fl-2"/>
      </object_component>
      <object_component id="oc-4d6">
         <name>.text</name>
         <load_address>0x50ac</load_address>
         <run_address>0x50ac</run_address>
         <size>0x98</size>
         <input_file_ref idref="fl-177"/>
      </object_component>
      <object_component id="oc-35b">
         <name>.text:__aeabi_cdcmple</name>
         <load_address>0x5144</load_address>
         <run_address>0x5144</run_address>
         <size>0x86</size>
         <input_file_ref idref="fl-142"/>
      </object_component>
      <object_component id="oc-dc">
         <name>.text:__aeabi_cdrcmple</name>
         <load_address>0x51ca</load_address>
         <run_address>0x51ca</run_address>
         <size>0x86</size>
         <input_file_ref idref="fl-142"/>
      </object_component>
      <object_component id="oc-4f">
         <name>.text</name>
         <load_address>0x5250</load_address>
         <run_address>0x5250</run_address>
         <size>0x7a</size>
         <input_file_ref idref="fl-14a"/>
      </object_component>
      <object_component id="oc-187">
         <name>.text</name>
         <load_address>0x52ca</load_address>
         <run_address>0x52ca</run_address>
         <size>0x76</size>
         <input_file_ref idref="fl-8"/>
      </object_component>
      <object_component id="oc-18d">
         <name>.text</name>
         <load_address>0x5340</load_address>
         <run_address>0x5340</run_address>
         <size>0x70</size>
         <input_file_ref idref="fl-14c"/>
      </object_component>
      <object_component id="oc-61">
         <name>.text</name>
         <load_address>0x53b0</load_address>
         <run_address>0x53b0</run_address>
         <size>0x6c</size>
         <input_file_ref idref="fl-154"/>
      </object_component>
      <object_component id="oc-42">
         <name>.text</name>
         <load_address>0x541c</load_address>
         <run_address>0x541c</run_address>
         <size>0x6a</size>
         <input_file_ref idref="fl-13e"/>
      </object_component>
      <object_component id="oc-21e">
         <name>.text:IntEnable</name>
         <load_address>0x5488</load_address>
         <run_address>0x5488</run_address>
         <size>0x68</size>
         <input_file_ref idref="fl-17a"/>
      </object_component>
      <object_component id="oc-4e5">
         <name>.text</name>
         <load_address>0x54f0</load_address>
         <run_address>0x54f0</run_address>
         <size>0x68</size>
         <input_file_ref idref="fl-164"/>
      </object_component>
      <object_component id="oc-1f4">
         <name>.text</name>
         <load_address>0x5558</load_address>
         <run_address>0x5558</run_address>
         <size>0x68</size>
         <input_file_ref idref="fl-10"/>
      </object_component>
      <object_component id="oc-3fa">
         <name>.text</name>
         <load_address>0x55c0</load_address>
         <run_address>0x55c0</run_address>
         <size>0x66</size>
         <input_file_ref idref="fl-168"/>
      </object_component>
      <object_component id="oc-422">
         <name>.text</name>
         <load_address>0x5628</load_address>
         <run_address>0x5628</run_address>
         <size>0x64</size>
         <input_file_ref idref="fl-16f"/>
      </object_component>
      <object_component id="oc-2fb">
         <name>.text:TimerConfigure</name>
         <load_address>0x568c</load_address>
         <run_address>0x568c</run_address>
         <size>0x60</size>
         <input_file_ref idref="fl-17d"/>
      </object_component>
      <object_component id="oc-201">
         <name>.text:GPIOIntTypeSet</name>
         <load_address>0x56ec</load_address>
         <run_address>0x56ec</run_address>
         <size>0x56</size>
         <input_file_ref idref="fl-179"/>
      </object_component>
      <object_component id="oc-360">
         <name>.text</name>
         <load_address>0x5742</load_address>
         <run_address>0x5742</run_address>
         <size>0x56</size>
         <input_file_ref idref="fl-15c"/>
      </object_component>
      <object_component id="oc-36c">
         <name>.text</name>
         <load_address>0x5798</load_address>
         <run_address>0x5798</run_address>
         <size>0x52</size>
         <input_file_ref idref="fl-15a"/>
      </object_component>
      <object_component id="oc-24">
         <name>.text</name>
         <load_address>0x57ec</load_address>
         <run_address>0x57ec</run_address>
         <size>0x50</size>
         <input_file_ref idref="fl-13c"/>
      </object_component>
      <object_component id="oc-384">
         <name>.text</name>
         <load_address>0x583c</load_address>
         <run_address>0x583c</run_address>
         <size>0x4c</size>
         <input_file_ref idref="fl-153"/>
      </object_component>
      <object_component id="oc-9c">
         <name>.text</name>
         <load_address>0x5888</load_address>
         <run_address>0x5888</run_address>
         <size>0x4c</size>
         <input_file_ref idref="fl-155"/>
      </object_component>
      <object_component id="oc-1a3">
         <name>.text</name>
         <load_address>0x58d4</load_address>
         <run_address>0x58d4</run_address>
         <size>0x4a</size>
         <input_file_ref idref="fl-146"/>
      </object_component>
      <object_component id="oc-143">
         <name>.text:GPIOPinConfigure</name>
         <load_address>0x5920</load_address>
         <run_address>0x5920</run_address>
         <size>0x48</size>
         <input_file_ref idref="fl-179"/>
      </object_component>
      <object_component id="oc-1a9">
         <name>.text</name>
         <load_address>0x5968</load_address>
         <run_address>0x5968</run_address>
         <size>0x48</size>
         <input_file_ref idref="fl-145"/>
      </object_component>
      <object_component id="oc-16d">
         <name>.text</name>
         <load_address>0x59b0</load_address>
         <run_address>0x59b0</run_address>
         <size>0x48</size>
         <input_file_ref idref="fl-14f"/>
      </object_component>
      <object_component id="oc-15b">
         <name>.text:UARTConfigSetExpClk</name>
         <load_address>0x59f8</load_address>
         <run_address>0x59f8</run_address>
         <size>0x46</size>
         <input_file_ref idref="fl-17e"/>
      </object_component>
      <object_component id="oc-6d">
         <name>.text</name>
         <load_address>0x5a40</load_address>
         <run_address>0x5a40</run_address>
         <size>0x44</size>
         <input_file_ref idref="fl-140"/>
      </object_component>
      <object_component id="oc-2b2">
         <name>.text</name>
         <load_address>0x5a84</load_address>
         <run_address>0x5a84</run_address>
         <size>0x42</size>
         <input_file_ref idref="fl-14e"/>
      </object_component>
      <object_component id="oc-323">
         <name>.text:_GPIOIntNumberGet</name>
         <load_address>0x5ac8</load_address>
         <run_address>0x5ac8</run_address>
         <size>0x40</size>
         <input_file_ref idref="fl-179"/>
      </object_component>
      <object_component id="oc-ed">
         <name>.text</name>
         <load_address>0x5b08</load_address>
         <run_address>0x5b08</run_address>
         <size>0x40</size>
         <input_file_ref idref="fl-b"/>
      </object_component>
      <object_component id="oc-4fc">
         <name>.text</name>
         <load_address>0x5b48</load_address>
         <run_address>0x5b48</run_address>
         <size>0x40</size>
         <input_file_ref idref="fl-172"/>
      </object_component>
      <object_component id="oc-2a0">
         <name>.text:SysCtlPeripheralPresent</name>
         <load_address>0x5b88</load_address>
         <run_address>0x5b88</run_address>
         <size>0x38</size>
         <input_file_ref idref="fl-17c"/>
      </object_component>
      <object_component id="oc-d7">
         <name>.text</name>
         <load_address>0x5bc0</load_address>
         <run_address>0x5bc0</run_address>
         <size>0x38</size>
         <input_file_ref idref="fl-147"/>
      </object_component>
      <object_component id="oc-329">
         <name>.text:IntRegister</name>
         <load_address>0x5bf8</load_address>
         <run_address>0x5bf8</run_address>
         <size>0x34</size>
         <input_file_ref idref="fl-17a"/>
      </object_component>
      <object_component id="oc-13d">
         <name>.text:SysCtlPeripheralEnable</name>
         <load_address>0x5c2c</load_address>
         <run_address>0x5c2c</run_address>
         <size>0x34</size>
         <input_file_ref idref="fl-17c"/>
      </object_component>
      <object_component id="oc-46e">
         <name>.text</name>
         <load_address>0x5c60</load_address>
         <run_address>0x5c60</run_address>
         <size>0x34</size>
         <input_file_ref idref="fl-16d"/>
      </object_component>
      <object_component id="oc-43d">
         <name>.text</name>
         <load_address>0x5c94</load_address>
         <run_address>0x5c94</run_address>
         <size>0x30</size>
         <input_file_ref idref="fl-162"/>
      </object_component>
      <object_component id="oc-378">
         <name>.text</name>
         <load_address>0x5cc4</load_address>
         <run_address>0x5cc4</run_address>
         <size>0x30</size>
         <input_file_ref idref="fl-166"/>
      </object_component>
      <object_component id="oc-408">
         <name>.text</name>
         <load_address>0x5cf4</load_address>
         <run_address>0x5cf4</run_address>
         <size>0x30</size>
         <input_file_ref idref="fl-169"/>
      </object_component>
      <object_component id="oc-f9">
         <name>.text</name>
         <load_address>0x5d24</load_address>
         <run_address>0x5d24</run_address>
         <size>0x2e</size>
         <input_file_ref idref="fl-7"/>
      </object_component>
      <object_component id="oc-193">
         <name>.text</name>
         <load_address>0x5d52</load_address>
         <run_address>0x5d52</run_address>
         <size>0x2e</size>
         <input_file_ref idref="fl-148"/>
      </object_component>
      <object_component id="oc-4c2">
         <name>.text</name>
         <load_address>0x5d80</load_address>
         <run_address>0x5d80</run_address>
         <size>0x2e</size>
         <input_file_ref idref="fl-170"/>
      </object_component>
      <object_component id="oc-218">
         <name>.text:GPIODirModeSet</name>
         <load_address>0x5dae</load_address>
         <run_address>0x5dae</run_address>
         <size>0x2a</size>
         <input_file_ref idref="fl-179"/>
      </object_component>
      <object_component id="oc-366">
         <name>.text</name>
         <load_address>0x5dd8</load_address>
         <run_address>0x5dd8</run_address>
         <size>0x2a</size>
         <input_file_ref idref="fl-159"/>
      </object_component>
      <object_component id="oc-22a">
         <name>.text:IntPrioritySet</name>
         <load_address>0x5e04</load_address>
         <run_address>0x5e04</run_address>
         <size>0x24</size>
         <input_file_ref idref="fl-17a"/>
      </object_component>
      <object_component id="oc-2dc">
         <name>.text:PWMGenConfigure</name>
         <load_address>0x5e28</load_address>
         <run_address>0x5e28</run_address>
         <size>0x22</size>
         <input_file_ref idref="fl-17b"/>
      </object_component>
      <object_component id="oc-268">
         <name>.text:UARTDisable</name>
         <load_address>0x5e4c</load_address>
         <run_address>0x5e4c</run_address>
         <size>0x20</size>
         <input_file_ref idref="fl-17e"/>
      </object_component>
      <object_component id="oc-3a3">
         <name>.text</name>
         <load_address>0x5e6c</load_address>
         <run_address>0x5e6c</run_address>
         <size>0x20</size>
         <input_file_ref idref="fl-15e"/>
      </object_component>
      <object_component id="oc-2e8">
         <name>.text:PWMPulseWidthSet</name>
         <load_address>0x5e8c</load_address>
         <run_address>0x5e8c</run_address>
         <size>0x1e</size>
         <input_file_ref idref="fl-17b"/>
      </object_component>
      <object_component id="oc-37e">
         <name>.text</name>
         <load_address>0x5eaa</load_address>
         <run_address>0x5eaa</run_address>
         <size>0x1c</size>
         <input_file_ref idref="fl-15d"/>
      </object_component>
      <object_component id="oc-230">
         <name>.text:GPIOIntRegister</name>
         <load_address>0x5ec6</load_address>
         <run_address>0x5ec6</run_address>
         <size>0x18</size>
         <input_file_ref idref="fl-179"/>
      </object_component>
      <object_component id="oc-1d3">
         <name>.text:GPIOPinTypeGPIOOutput</name>
         <load_address>0x5ede</load_address>
         <run_address>0x5ede</run_address>
         <size>0x18</size>
         <input_file_ref idref="fl-179"/>
      </object_component>
      <object_component id="oc-30d">
         <name>.text:TimerDisable</name>
         <load_address>0x5ef8</load_address>
         <run_address>0x5ef8</run_address>
         <size>0x18</size>
         <input_file_ref idref="fl-17d"/>
      </object_component>
      <object_component id="oc-67">
         <name>.text</name>
         <load_address>0x5f10</load_address>
         <run_address>0x5f10</run_address>
         <size>0x18</size>
         <input_file_ref idref="fl-152"/>
      </object_component>
      <object_component id="oc-437">
         <name>.text</name>
         <load_address>0x5f28</load_address>
         <run_address>0x5f28</run_address>
         <size>0x18</size>
         <input_file_ref idref="fl-160"/>
      </object_component>
      <object_component id="oc-372">
         <name>.text</name>
         <load_address>0x5f40</load_address>
         <run_address>0x5f40</run_address>
         <size>0x16</size>
         <input_file_ref idref="fl-15f"/>
      </object_component>
      <object_component id="oc-2d0">
         <name>.text:SysCtlPWMClockSet</name>
         <load_address>0x5f58</load_address>
         <run_address>0x5f58</run_address>
         <size>0x14</size>
         <input_file_ref idref="fl-17c"/>
      </object_component>
      <object_component id="oc-26e">
         <name>.text:UARTEnable</name>
         <load_address>0x5f6c</load_address>
         <run_address>0x5f6c</run_address>
         <size>0x14</size>
         <input_file_ref idref="fl-17e"/>
      </object_component>
      <object_component id="oc-1e8">
         <name>.text</name>
         <load_address>0x5f80</load_address>
         <run_address>0x5f80</run_address>
         <size>0x14</size>
         <input_file_ref idref="fl-d"/>
      </object_component>
      <object_component id="oc-11f">
         <name>.text</name>
         <load_address>0x5f94</load_address>
         <run_address>0x5f94</run_address>
         <size>0x14</size>
         <input_file_ref idref="fl-150"/>
      </object_component>
      <object_component id="oc-4eb">
         <name>.text</name>
         <load_address>0x5fa8</load_address>
         <run_address>0x5fa8</run_address>
         <size>0x14</size>
         <input_file_ref idref="fl-173"/>
      </object_component>
      <object_component id="oc-355">
         <name>.text</name>
         <load_address>0x5fbc</load_address>
         <run_address>0x5fbc</run_address>
         <size>0x14</size>
         <input_file_ref idref="fl-161"/>
      </object_component>
      <object_component id="oc-332">
         <name>.text:GPIOPinTypeGPIOInput</name>
         <load_address>0x5fd0</load_address>
         <run_address>0x5fd0</run_address>
         <size>0x12</size>
         <input_file_ref idref="fl-179"/>
      </object_component>
      <object_component id="oc-2d6">
         <name>.text:GPIOPinTypePWM</name>
         <load_address>0x5fe2</load_address>
         <run_address>0x5fe2</run_address>
         <size>0x12</size>
         <input_file_ref idref="fl-179"/>
      </object_component>
      <object_component id="oc-149">
         <name>.text:GPIOPinTypeUART</name>
         <load_address>0x5ff4</load_address>
         <run_address>0x5ff4</run_address>
         <size>0x12</size>
         <input_file_ref idref="fl-179"/>
      </object_component>
      <object_component id="oc-2f4">
         <name>.text:PWMOutputState</name>
         <load_address>0x6006</load_address>
         <run_address>0x6006</run_address>
         <size>0x12</size>
         <input_file_ref idref="fl-17b"/>
      </object_component>
      <object_component id="oc-301">
         <name>.text:TimerLoadSet</name>
         <load_address>0x6018</load_address>
         <run_address>0x6018</run_address>
         <size>0x12</size>
         <input_file_ref idref="fl-17d"/>
      </object_component>
      <object_component id="oc-2c9">
         <name>.text:IntMasterEnable</name>
         <load_address>0x602a</load_address>
         <run_address>0x602a</run_address>
         <size>0x10</size>
         <input_file_ref idref="fl-17a"/>
      </object_component>
      <object_component id="oc-2e2">
         <name>.text:PWMGenPeriodSet</name>
         <load_address>0x603a</load_address>
         <run_address>0x603a</run_address>
         <size>0x10</size>
         <input_file_ref idref="fl-17b"/>
      </object_component>
      <object_component id="oc-1fb">
         <name>.text:GPIOIntStatus</name>
         <load_address>0x604a</load_address>
         <run_address>0x604a</run_address>
         <size>0xe</size>
         <input_file_ref idref="fl-179"/>
      </object_component>
      <object_component id="oc-307">
         <name>.text:TimerEnable</name>
         <load_address>0x6058</load_address>
         <run_address>0x6058</run_address>
         <size>0xe</size>
         <input_file_ref idref="fl-17d"/>
      </object_component>
      <object_component id="oc-12">
         <name>.text:decompress:none</name>
         <load_address>0x6066</load_address>
         <run_address>0x6066</run_address>
         <size>0xe</size>
         <input_file_ref idref="fl-13d"/>
      </object_component>
      <object_component id="oc-3cf">
         <name>.text:CPUcpsie</name>
         <load_address>0x6074</load_address>
         <run_address>0x6074</run_address>
         <size>0xc</size>
         <input_file_ref idref="fl-17f"/>
      </object_component>
      <object_component id="oc-224">
         <name>.text:GPIOIntEnable</name>
         <load_address>0x6080</load_address>
         <run_address>0x6080</run_address>
         <size>0xc</size>
         <input_file_ref idref="fl-179"/>
      </object_component>
      <object_component id="oc-2ee">
         <name>.text:PWMGenEnable</name>
         <load_address>0x608c</load_address>
         <run_address>0x608c</run_address>
         <size>0xc</size>
         <input_file_ref idref="fl-17b"/>
      </object_component>
      <object_component id="oc-1e">
         <name>.text:decompress:ZI</name>
         <load_address>0x6098</load_address>
         <run_address>0x6098</run_address>
         <size>0xc</size>
         <input_file_ref idref="fl-13f"/>
      </object_component>
      <object_component id="oc-2d">
         <name>.text</name>
         <load_address>0x60a4</load_address>
         <run_address>0x60a4</run_address>
         <size>0xc</size>
         <input_file_ref idref="fl-5"/>
      </object_component>
      <object_component id="oc-134">
         <name>.text:TimerValueGet</name>
         <load_address>0x60b0</load_address>
         <run_address>0x60b0</run_address>
         <size>0xa</size>
         <input_file_ref idref="fl-17d"/>
      </object_component>
      <object_component id="oc-2a6">
         <name>.text:UARTCharGet</name>
         <load_address>0x60ba</load_address>
         <run_address>0x60ba</run_address>
         <size>0xa</size>
         <input_file_ref idref="fl-17e"/>
      </object_component>
      <object_component id="oc-161">
         <name>.text:UARTCharPut</name>
         <load_address>0x60c4</load_address>
         <run_address>0x60c4</run_address>
         <size>0xa</size>
         <input_file_ref idref="fl-17e"/>
      </object_component>
      <object_component id="oc-167">
         <name>.text:UARTBusy</name>
         <load_address>0x60ce</load_address>
         <run_address>0x60ce</run_address>
         <size>0x8</size>
         <input_file_ref idref="fl-17e"/>
      </object_component>
      <object_component id="oc-207">
         <name>.text:GPIOIntClear</name>
         <load_address>0x60d6</load_address>
         <run_address>0x60d6</run_address>
         <size>0x6</size>
         <input_file_ref idref="fl-179"/>
      </object_component>
      <object_component id="oc-1d9">
         <name>.text:GPIOPinRead</name>
         <load_address>0x60dc</load_address>
         <run_address>0x60dc</run_address>
         <size>0x6</size>
         <input_file_ref idref="fl-179"/>
      </object_component>
      <object_component id="oc-1df">
         <name>.text:GPIOPinWrite</name>
         <load_address>0x60e2</load_address>
         <run_address>0x60e2</run_address>
         <size>0x6</size>
         <input_file_ref idref="fl-179"/>
      </object_component>
      <object_component id="oc-3cd">
         <name>.text:SysCtlDelay</name>
         <load_address>0x60e8</load_address>
         <run_address>0x60e8</run_address>
         <size>0x6</size>
         <input_file_ref idref="fl-17c"/>
      </object_component>
      <object_component id="oc-14f">
         <name>.text:UARTClockSourceSet</name>
         <load_address>0x60ee</load_address>
         <run_address>0x60ee</run_address>
         <size>0x6</size>
         <input_file_ref idref="fl-17e"/>
      </object_component>
      <object_component id="oc-18">
         <name>.text:decompress:rle24</name>
         <load_address>0x60f4</load_address>
         <run_address>0x60f4</run_address>
         <size>0x6</size>
         <input_file_ref idref="fl-13e"/>
      </object_component>
      <object_component id="oc-5b">
         <name>.text</name>
         <load_address>0x60fa</load_address>
         <run_address>0x60fa</run_address>
         <size>0x4</size>
         <input_file_ref idref="fl-14b"/>
      </object_component>
      <object_component id="oc-416">
         <name>.const:.string:_ctypes_</name>
         <load_address>0x6100</load_address>
         <run_address>0x6100</run_address>
         <size>0x101</size>
         <input_file_ref idref="fl-156"/>
      </object_component>
      <object_component id="oc-3e8">
         <name>.const:g_ppui32GPIOIntMapBlizzard</name>
         <load_address>0x6204</load_address>
         <run_address>0x6204</run_address>
         <size>0xc0</size>
         <input_file_ref idref="fl-179"/>
      </object_component>
      <object_component id="oc-3eb">
         <name>.const:g_ppui32GPIOIntMapSnowflake</name>
         <load_address>0x62c4</load_address>
         <run_address>0x62c4</run_address>
         <size>0xc0</size>
         <input_file_ref idref="fl-179"/>
      </object_component>
      <object_component id="oc-31f">
         <name>.const:g_pui32Regs</name>
         <load_address>0x6384</load_address>
         <run_address>0x6384</run_address>
         <size>0x9c</size>
         <input_file_ref idref="fl-17a"/>
      </object_component>
      <object_component id="oc-25c">
         <name>.const:g_pui32GPIOBaseAddrs</name>
         <load_address>0x6420</load_address>
         <run_address>0x6420</run_address>
         <size>0x90</size>
         <input_file_ref idref="fl-179"/>
      </object_component>
      <object_component id="oc-319">
         <name>.const</name>
         <load_address>0x64b0</load_address>
         <run_address>0x64b0</run_address>
         <size>0x70</size>
         <input_file_ref idref="fl-17a"/>
      </object_component>
      <object_component id="oc-264">
         <name>.const:g_pui32Xtals</name>
         <load_address>0x6520</load_address>
         <run_address>0x6520</run_address>
         <size>0x6c</size>
         <input_file_ref idref="fl-17c"/>
      </object_component>
      <object_component id="oc-2ac">
         <name>.const</name>
         <load_address>0x658c</load_address>
         <run_address>0x658c</run_address>
         <size>0x1c</size>
         <input_file_ref idref="fl-12"/>
      </object_component>
      <object_component id="oc-247">
         <name>.const</name>
         <load_address>0x65a8</load_address>
         <run_address>0x65a8</run_address>
         <size>0x14</size>
         <input_file_ref idref="fl-c"/>
      </object_component>
      <object_component id="oc-3c3">
         <name>.const:.string</name>
         <load_address>0x65bc</load_address>
         <run_address>0x65bc</run_address>
         <size>0x12</size>
         <input_file_ref idref="fl-12"/>
      </object_component>
      <object_component id="oc-55f">
         <name>.cinit..data.load</name>
         <load_address>0x65d0</load_address>
         <run_address>0x65d0</run_address>
         <size>0xb2</size>
      </object_component>
      <object_component id="oc-55c">
         <name>__TI_handler_table</name>
         <load_address>0x6684</load_address>
         <run_address>0x6684</run_address>
         <size>0xc</size>
      </object_component>
      <object_component id="oc-560">
         <name>.cinit..bss.load</name>
         <load_address>0x6690</load_address>
         <run_address>0x6690</run_address>
         <size>0x8</size>
      </object_component>
      <object_component id="oc-55e">
         <name>.cinit..vtable.load</name>
         <load_address>0x6698</load_address>
         <run_address>0x6698</run_address>
         <size>0x8</size>
      </object_component>
      <object_component id="oc-55d">
         <name>__TI_cinit_table</name>
         <load_address>0x66a0</load_address>
         <run_address>0x66a0</run_address>
         <size>0x18</size>
      </object_component>
      <object_component id="oc-3ef">
         <name>.vtable</name>
         <uninitialized>true</uninitialized>
         <run_address>0x20000000</run_address>
         <size>0x26c</size>
         <input_file_ref idref="fl-17a"/>
      </object_component>
      <object_component id="oc-2a">
         <name>.sysmem</name>
         <uninitialized>true</uninitialized>
         <run_address>0x20002980</run_address>
         <size>0x8</size>
         <input_file_ref idref="fl-176"/>
      </object_component>
      <object_component id="oc-562">
         <name>.sysmem</name>
         <uninitialized>true</uninitialized>
         <run_address>0x20002980</run_address>
         <size>0x0</size>
      </object_component>
      <object_component id="oc-29">
         <name>.stack</name>
         <uninitialized>true</uninitialized>
         <run_address>0x2000026c</run_address>
         <size>0x0</size>
         <input_file_ref idref="fl-13c"/>
      </object_component>
      <object_component id="oc-561">
         <name>.stack</name>
         <uninitialized>true</uninitialized>
         <run_address>0x2000026c</run_address>
         <size>0x0</size>
      </object_component>
      <object_component id="oc-50f">
         <name>.bss:__TI_tmpnams</name>
         <uninitialized>true</uninitialized>
         <run_address>0x20005508</run_address>
         <size>0xa0</size>
         <input_file_ref idref="fl-157"/>
      </object_component>
      <object_component id="oc-516">
         <name>.bss:__CIOBUF_</name>
         <uninitialized>true</uninitialized>
         <run_address>0x200053e8</run_address>
         <size>0x120</size>
         <input_file_ref idref="fl-164"/>
      </object_component>
      <object_component id="oc-1c6">
         <name>.common:lock</name>
         <uninitialized>true</uninitialized>
         <run_address>0x200056a4</run_address>
         <size>0x2</size>
      </object_component>
      <object_component id="oc-1c7">
         <name>.common:Command_Uint</name>
         <uninitialized>true</uninitialized>
         <run_address>0x200055c0</run_address>
         <size>0x18</size>
      </object_component>
      <object_component id="oc-111">
         <name>.common:Command</name>
         <uninitialized>true</uninitialized>
         <run_address>0x200055a8</run_address>
         <size>0x18</size>
      </object_component>
      <object_component id="oc-10b">
         <name>.common:data_dt$1</name>
         <uninitialized>true</uninitialized>
         <run_address>0x2000568c</run_address>
         <size>0x4</size>
      </object_component>
      <object_component id="oc-10c">
         <name>.common:update_loop$2</name>
         <uninitialized>true</uninitialized>
         <run_address>0x200056a0</run_address>
         <size>0x4</size>
      </object_component>
      <object_component id="oc-10d">
         <name>.common:print_loopcnt$3</name>
         <uninitialized>true</uninitialized>
         <run_address>0x20005694</run_address>
         <size>0x4</size>
      </object_component>
      <object_component id="oc-10e">
         <name>.common:led_loopcnt$4</name>
         <uninitialized>true</uninitialized>
         <run_address>0x20005690</run_address>
         <size>0x4</size>
      </object_component>
      <object_component id="oc-10f">
         <name>.common:sonar_loopcnt$5</name>
         <uninitialized>true</uninitialized>
         <run_address>0x20005698</run_address>
         <size>0x4</size>
      </object_component>
      <object_component id="oc-110">
         <name>.common:command_loopcnt$6</name>
         <uninitialized>true</uninitialized>
         <run_address>0x20005688</run_address>
         <size>0x4</size>
      </object_component>
      <object_component id="oc-114">
         <name>.common:Mpu_Data</name>
         <uninitialized>true</uninitialized>
         <run_address>0x200055f6</run_address>
         <size>0xe</size>
      </object_component>
      <object_component id="oc-1b6">
         <name>.common:offset_x1$1</name>
         <uninitialized>true</uninitialized>
         <run_address>0x20005608</run_address>
         <size>0x8</size>
      </object_component>
      <object_component id="oc-1b7">
         <name>.common:offset_x2$2</name>
         <uninitialized>true</uninitialized>
         <run_address>0x20005610</run_address>
         <size>0x8</size>
      </object_component>
      <object_component id="oc-1b4">
         <name>.common:offset_y1$3</name>
         <uninitialized>true</uninitialized>
         <run_address>0x20005618</run_address>
         <size>0x8</size>
      </object_component>
      <object_component id="oc-1b5">
         <name>.common:offset_y2$4</name>
         <uninitialized>true</uninitialized>
         <run_address>0x20005620</run_address>
         <size>0x8</size>
      </object_component>
      <object_component id="oc-1a2">
         <name>.common:offset_z1$5</name>
         <uninitialized>true</uninitialized>
         <run_address>0x20005628</run_address>
         <size>0x8</size>
      </object_component>
      <object_component id="oc-1a8">
         <name>.common:offset_z2$6</name>
         <uninitialized>true</uninitialized>
         <run_address>0x20005630</run_address>
         <size>0x8</size>
      </object_component>
      <object_component id="oc-17f">
         <name>.common:Gyro_Offsetx</name>
         <uninitialized>true</uninitialized>
         <run_address>0x20005604</run_address>
         <size>0x4</size>
      </object_component>
      <object_component id="oc-182">
         <name>.common:Gyro_Offsety</name>
         <uninitialized>true</uninitialized>
         <run_address>0x20005640</run_address>
         <size>0x4</size>
      </object_component>
      <object_component id="oc-183">
         <name>.common:Gyro_Offsetz</name>
         <uninitialized>true</uninitialized>
         <run_address>0x20005644</run_address>
         <size>0x4</size>
      </object_component>
      <object_component id="oc-1b8">
         <name>.common:Kaccx</name>
         <uninitialized>true</uninitialized>
         <run_address>0x20005648</run_address>
         <size>0x4</size>
      </object_component>
      <object_component id="oc-1b9">
         <name>.common:Kaccy</name>
         <uninitialized>true</uninitialized>
         <run_address>0x2000564c</run_address>
         <size>0x4</size>
      </object_component>
      <object_component id="oc-1ba">
         <name>.common:Kaccz</name>
         <uninitialized>true</uninitialized>
         <run_address>0x20005650</run_address>
         <size>0x4</size>
      </object_component>
      <object_component id="oc-1c8">
         <name>.common:Chx</name>
         <uninitialized>true</uninitialized>
         <run_address>0x200055d8</run_address>
         <size>0x10</size>
      </object_component>
      <object_component id="oc-1c9">
         <name>.common:Mpu6050_Data</name>
         <uninitialized>true</uninitialized>
         <run_address>0x200055e8</run_address>
         <size>0xe</size>
      </object_component>
      <object_component id="oc-20d">
         <name>.common:cnt$1</name>
         <uninitialized>true</uninitialized>
         <run_address>0x20005654</run_address>
         <size>0x4</size>
      </object_component>
      <object_component id="oc-20e">
         <name>.common:cnt_1$2</name>
         <uninitialized>true</uninitialized>
         <run_address>0x20005658</run_address>
         <size>0x4</size>
      </object_component>
      <object_component id="oc-20f">
         <name>.common:cnt_2$3</name>
         <uninitialized>true</uninitialized>
         <run_address>0x20005668</run_address>
         <size>0x4</size>
      </object_component>
      <object_component id="oc-210">
         <name>.common:cnt_3$4</name>
         <uninitialized>true</uninitialized>
         <run_address>0x2000566c</run_address>
         <size>0x4</size>
      </object_component>
      <object_component id="oc-211">
         <name>.common:cnt_4$5</name>
         <uninitialized>true</uninitialized>
         <run_address>0x20005670</run_address>
         <size>0x4</size>
      </object_component>
      <object_component id="oc-236">
         <name>.common:cnt_5$6</name>
         <uninitialized>true</uninitialized>
         <run_address>0x20005674</run_address>
         <size>0x4</size>
      </object_component>
      <object_component id="oc-237">
         <name>.common:cnt_6$7</name>
         <uninitialized>true</uninitialized>
         <run_address>0x20005678</run_address>
         <size>0x4</size>
      </object_component>
      <object_component id="oc-238">
         <name>.common:cnt_7$8</name>
         <uninitialized>true</uninitialized>
         <run_address>0x2000567c</run_address>
         <size>0x4</size>
      </object_component>
      <object_component id="oc-239">
         <name>.common:cnt_8$9</name>
         <uninitialized>true</uninitialized>
         <run_address>0x20005680</run_address>
         <size>0x4</size>
      </object_component>
      <object_component id="oc-23a">
         <name>.common:cnt_9$10</name>
         <uninitialized>true</uninitialized>
         <run_address>0x20005684</run_address>
         <size>0x4</size>
      </object_component>
      <object_component id="oc-23b">
         <name>.common:cnt_10$11</name>
         <uninitialized>true</uninitialized>
         <run_address>0x2000565c</run_address>
         <size>0x4</size>
      </object_component>
      <object_component id="oc-23c">
         <name>.common:cnt_11$12</name>
         <uninitialized>true</uninitialized>
         <run_address>0x20005660</run_address>
         <size>0x4</size>
      </object_component>
      <object_component id="oc-23d">
         <name>.common:cnt_12$13</name>
         <uninitialized>true</uninitialized>
         <run_address>0x20005664</run_address>
         <size>0x4</size>
      </object_component>
      <object_component id="oc-23e">
         <name>.common:status$14</name>
         <uninitialized>true</uninitialized>
         <run_address>0x2000569c</run_address>
         <size>0x4</size>
      </object_component>
      <object_component id="oc-4f1">
         <name>.common:parmbuf</name>
         <uninitialized>true</uninitialized>
         <run_address>0x20005638</run_address>
         <size>0x8</size>
      </object_component>
      <object_component id="oc-1ca">
         <name>.data</name>
         <load_address>0x20005380</load_address>
         <run_address>0x20005380</run_address>
         <size>0x18</size>
         <input_file_ref idref="fl-2"/>
      </object_component>
      <object_component id="oc-184">
         <name>.data</name>
         <load_address>0x200053cc</load_address>
         <run_address>0x200053cc</run_address>
         <size>0x6</size>
         <input_file_ref idref="fl-6"/>
      </object_component>
      <object_component id="oc-2af">
         <name>.data</name>
         <load_address>0x200053d4</load_address>
         <run_address>0x200053d4</run_address>
         <size>0x5</size>
         <input_file_ref idref="fl-12"/>
      </object_component>
      <object_component id="oc-af">
         <name>.data</name>
         <load_address>0x200053bc</load_address>
         <run_address>0x200053bc</run_address>
         <size>0x8</size>
         <input_file_ref idref="fl-140"/>
      </object_component>
      <object_component id="oc-73">
         <name>.data</name>
         <load_address>0x200053e4</load_address>
         <run_address>0x200053e4</run_address>
         <size>0x4</size>
         <input_file_ref idref="fl-14d"/>
      </object_component>
      <object_component id="oc-ac">
         <name>.data</name>
         <load_address>0x200053b4</load_address>
         <run_address>0x200053b4</run_address>
         <size>0x8</size>
         <input_file_ref idref="fl-150"/>
      </object_component>
      <object_component id="oc-296">
         <name>.data:_ftable</name>
         <load_address>0x20005090</load_address>
         <run_address>0x20005090</run_address>
         <size>0xf0</size>
         <input_file_ref idref="fl-157"/>
      </object_component>
      <object_component id="oc-432">
         <name>.data</name>
         <load_address>0x20005398</load_address>
         <run_address>0x20005398</run_address>
         <size>0x10</size>
         <input_file_ref idref="fl-157"/>
      </object_component>
      <object_component id="oc-443">
         <name>.data</name>
         <load_address>0x20005180</load_address>
         <run_address>0x20005180</run_address>
         <size>0xd0</size>
         <input_file_ref idref="fl-15b"/>
      </object_component>
      <object_component id="oc-469">
         <name>.data</name>
         <load_address>0x20005300</load_address>
         <run_address>0x20005300</run_address>
         <size>0x80</size>
         <input_file_ref idref="fl-16a"/>
      </object_component>
      <object_component id="oc-474">
         <name>.data</name>
         <load_address>0x200053dc</load_address>
         <run_address>0x200053dc</run_address>
         <size>0x4</size>
         <input_file_ref idref="fl-16c"/>
      </object_component>
      <object_component id="oc-4c8">
         <name>.data</name>
         <load_address>0x200053c4</load_address>
         <run_address>0x200053c4</run_address>
         <size>0x8</size>
         <input_file_ref idref="fl-16d"/>
      </object_component>
      <object_component id="oc-51f">
         <name>.data:sigtable</name>
         <load_address>0x20005250</load_address>
         <run_address>0x20005250</run_address>
         <size>0xb0</size>
         <input_file_ref idref="fl-172"/>
      </object_component>
      <object_component id="oc-4dc">
         <name>.data</name>
         <load_address>0x200053e0</load_address>
         <run_address>0x200053e0</run_address>
         <size>0x4</size>
         <input_file_ref idref="fl-175"/>
      </object_component>
      <object_component id="oc-4d2">
         <name>.data</name>
         <load_address>0x200053a8</load_address>
         <run_address>0x200053a8</run_address>
         <size>0xc</size>
         <input_file_ref idref="fl-176"/>
      </object_component>
      <object_component id="oc-112">
         <name>.debug_info</name>
         <load_address>0x0</load_address>
         <run_address>0x0</run_address>
         <size>0x140</size>
         <input_file_ref idref="fl-2"/>
      </object_component>
      <object_component id="oc-1cb">
         <name>.debug_info</name>
         <load_address>0x140</load_address>
         <run_address>0x140</run_address>
         <size>0xcf</size>
         <input_file_ref idref="fl-2"/>
      </object_component>
      <object_component id="oc-d2">
         <name>.debug_info</name>
         <load_address>0x20f</load_address>
         <run_address>0x20f</run_address>
         <size>0x14b</size>
         <input_file_ref idref="fl-2"/>
      </object_component>
      <object_component id="oc-24e">
         <name>.debug_info</name>
         <load_address>0x35a</load_address>
         <run_address>0x35a</run_address>
         <size>0x101</size>
         <input_file_ref idref="fl-2"/>
      </object_component>
      <object_component id="oc-7e">
         <name>.debug_info</name>
         <load_address>0x45b</load_address>
         <run_address>0x45b</run_address>
         <size>0x84</size>
         <input_file_ref idref="fl-2"/>
      </object_component>
      <object_component id="oc-83">
         <name>.debug_info</name>
         <load_address>0x4df</load_address>
         <run_address>0x4df</run_address>
         <size>0x18b</size>
         <input_file_ref idref="fl-2"/>
      </object_component>
      <object_component id="oc-17a">
         <name>.debug_info</name>
         <load_address>0x66a</load_address>
         <run_address>0x66a</run_address>
         <size>0x4e</size>
         <input_file_ref idref="fl-2"/>
      </object_component>
      <object_component id="oc-115">
         <name>.debug_info</name>
         <load_address>0x6b8</load_address>
         <run_address>0x6b8</run_address>
         <size>0x261</size>
         <input_file_ref idref="fl-3"/>
      </object_component>
      <object_component id="oc-a7">
         <name>.debug_info</name>
         <load_address>0x919</load_address>
         <run_address>0x919</run_address>
         <size>0x442</size>
         <input_file_ref idref="fl-3"/>
      </object_component>
      <object_component id="oc-1ce">
         <name>.debug_info</name>
         <load_address>0xd5b</load_address>
         <run_address>0xd5b</run_address>
         <size>0xc2</size>
         <input_file_ref idref="fl-3"/>
      </object_component>
      <object_component id="oc-288">
         <name>.debug_info</name>
         <load_address>0xe1d</load_address>
         <run_address>0xe1d</run_address>
         <size>0xd6</size>
         <input_file_ref idref="fl-3"/>
      </object_component>
      <object_component id="oc-281">
         <name>.debug_info</name>
         <load_address>0xef3</load_address>
         <run_address>0xef3</run_address>
         <size>0xc8</size>
         <input_file_ref idref="fl-3"/>
      </object_component>
      <object_component id="oc-2ba">
         <name>.debug_info</name>
         <load_address>0xfbb</load_address>
         <run_address>0xfbb</run_address>
         <size>0xbd</size>
         <input_file_ref idref="fl-4"/>
      </object_component>
      <object_component id="oc-1be">
         <name>.debug_info</name>
         <load_address>0x1078</load_address>
         <run_address>0x1078</run_address>
         <size>0x7a7</size>
         <input_file_ref idref="fl-4"/>
      </object_component>
      <object_component id="oc-35">
         <name>.debug_info</name>
         <load_address>0x181f</load_address>
         <run_address>0x181f</run_address>
         <size>0xed</size>
         <input_file_ref idref="fl-5"/>
      </object_component>
      <object_component id="oc-10">
         <name>.debug_info</name>
         <load_address>0x190c</load_address>
         <run_address>0x190c</run_address>
         <size>0xd2</size>
         <input_file_ref idref="fl-5"/>
      </object_component>
      <object_component id="oc-2e">
         <name>.debug_info</name>
         <load_address>0x19de</load_address>
         <run_address>0x19de</run_address>
         <size>0x24e</size>
         <input_file_ref idref="fl-5"/>
      </object_component>
      <object_component id="oc-180">
         <name>.debug_info</name>
         <load_address>0x1c2c</load_address>
         <run_address>0x1c2c</run_address>
         <size>0x3e7</size>
         <input_file_ref idref="fl-6"/>
      </object_component>
      <object_component id="oc-185">
         <name>.debug_info</name>
         <load_address>0x2013</load_address>
         <run_address>0x2013</run_address>
         <size>0x114</size>
         <input_file_ref idref="fl-6"/>
      </object_component>
      <object_component id="oc-e8">
         <name>.debug_info</name>
         <load_address>0x2127</load_address>
         <run_address>0x2127</run_address>
         <size>0xfa9</size>
         <input_file_ref idref="fl-6"/>
      </object_component>
      <object_component id="oc-fa">
         <name>.debug_info</name>
         <load_address>0x30d0</load_address>
         <run_address>0x30d0</run_address>
         <size>0x1a0</size>
         <input_file_ref idref="fl-7"/>
      </object_component>
      <object_component id="oc-189">
         <name>.debug_info</name>
         <load_address>0x3270</load_address>
         <run_address>0x3270</run_address>
         <size>0x1f3</size>
         <input_file_ref idref="fl-8"/>
      </object_component>
      <object_component id="oc-240">
         <name>.debug_info</name>
         <load_address>0x3463</load_address>
         <run_address>0x3463</run_address>
         <size>0x366</size>
         <input_file_ref idref="fl-9"/>
      </object_component>
      <object_component id="oc-100">
         <name>.debug_info</name>
         <load_address>0x37c9</load_address>
         <run_address>0x37c9</run_address>
         <size>0x7b8</size>
         <input_file_ref idref="fl-9"/>
      </object_component>
      <object_component id="oc-174">
         <name>.debug_info</name>
         <load_address>0x3f81</load_address>
         <run_address>0x3f81</run_address>
         <size>0x8b</size>
         <input_file_ref idref="fl-9"/>
      </object_component>
      <object_component id="oc-243">
         <name>.debug_info</name>
         <load_address>0x400c</load_address>
         <run_address>0x400c</run_address>
         <size>0x8a2</size>
         <input_file_ref idref="fl-a"/>
      </object_component>
      <object_component id="oc-f0">
         <name>.debug_info</name>
         <load_address>0x48ae</load_address>
         <run_address>0x48ae</run_address>
         <size>0x1c2</size>
         <input_file_ref idref="fl-b"/>
      </object_component>
      <object_component id="oc-24b">
         <name>.debug_info</name>
         <load_address>0x4a70</load_address>
         <run_address>0x4a70</run_address>
         <size>0x1ee</size>
         <input_file_ref idref="fl-c"/>
      </object_component>
      <object_component id="oc-248">
         <name>.debug_info</name>
         <load_address>0x4c5e</load_address>
         <run_address>0x4c5e</run_address>
         <size>0xbf</size>
         <input_file_ref idref="fl-c"/>
      </object_component>
      <object_component id="oc-108">
         <name>.debug_info</name>
         <load_address>0x4d1d</load_address>
         <run_address>0x4d1d</run_address>
         <size>0x99c</size>
         <input_file_ref idref="fl-c"/>
      </object_component>
      <object_component id="oc-1e9">
         <name>.debug_info</name>
         <load_address>0x56b9</load_address>
         <run_address>0x56b9</run_address>
         <size>0x133</size>
         <input_file_ref idref="fl-d"/>
      </object_component>
      <object_component id="oc-1f2">
         <name>.debug_info</name>
         <load_address>0x57ec</load_address>
         <run_address>0x57ec</run_address>
         <size>0x54c</size>
         <input_file_ref idref="fl-e"/>
      </object_component>
      <object_component id="oc-1e7">
         <name>.debug_info</name>
         <load_address>0x5d38</load_address>
         <run_address>0x5d38</run_address>
         <size>0x16b</size>
         <input_file_ref idref="fl-f"/>
      </object_component>
      <object_component id="oc-f4">
         <name>.debug_info</name>
         <load_address>0x5ea3</load_address>
         <run_address>0x5ea3</run_address>
         <size>0x340</size>
         <input_file_ref idref="fl-f"/>
      </object_component>
      <object_component id="oc-1f6">
         <name>.debug_info</name>
         <load_address>0x61e3</load_address>
         <run_address>0x61e3</run_address>
         <size>0x2c2</size>
         <input_file_ref idref="fl-10"/>
      </object_component>
      <object_component id="oc-179">
         <name>.debug_info</name>
         <load_address>0x64a5</load_address>
         <run_address>0x64a5</run_address>
         <size>0x2a5</size>
         <input_file_ref idref="fl-11"/>
      </object_component>
      <object_component id="oc-e4">
         <name>.debug_info</name>
         <load_address>0x674a</load_address>
         <run_address>0x674a</run_address>
         <size>0x51b</size>
         <input_file_ref idref="fl-11"/>
      </object_component>
      <object_component id="oc-2b8">
         <name>.debug_info</name>
         <load_address>0x6c65</load_address>
         <run_address>0x6c65</run_address>
         <size>0x261</size>
         <input_file_ref idref="fl-12"/>
      </object_component>
      <object_component id="oc-2b0">
         <name>.debug_info</name>
         <load_address>0x6ec6</load_address>
         <run_address>0x6ec6</run_address>
         <size>0xfe</size>
         <input_file_ref idref="fl-12"/>
      </object_component>
      <object_component id="oc-2ad">
         <name>.debug_info</name>
         <load_address>0x6fc4</load_address>
         <run_address>0x6fc4</run_address>
         <size>0x154</size>
         <input_file_ref idref="fl-12"/>
      </object_component>
      <object_component id="oc-1af">
         <name>.debug_info</name>
         <load_address>0x7118</load_address>
         <run_address>0x7118</run_address>
         <size>0xaa7</size>
[...]
      </symbol>
      <symbol id="sm-6c8">
         <name>__aeabi_stderr</name>
         <value>0x200053a4</value>
         <object_component_ref idref="oc-432"/>
      </symbol>
      <symbol id="sm-6c9">
         <name>__aeabi_stdin</name>
         <value>0x2000539c</value>
         <object_component_ref idref="oc-432"/>
      </symbol>
      <symbol id="sm-6ca">
         <name>_ftable</name>
         <value>0x20005090</value>
         <object_component_ref idref="oc-296"/>
      </symbol>
      <symbol id="sm-6cb">
         <name>__TI_ft_end</name>
         <value>0x20005398</value>
         <object_component_ref idref="oc-432"/>
      </symbol>
      <symbol id="sm-6ed">
         <name>puts</name>
         <value>0x4655</value>
         <object_component_ref idref="oc-290"/>
      </symbol>
      <symbol id="sm-6ee">
         <name>fputs</name>
         <value>0x4549</value>
         <object_component_ref idref="oc-290"/>
      </symbol>
      <symbol id="sm-6fb">
         <name>frexp</name>
         <value>0x5dd9</value>
         <object_component_ref idref="oc-366"/>
      </symbol>
      <symbol id="sm-70c">
         <name>ldexp</name>
         <value>0x5799</value>
         <object_component_ref idref="oc-36c"/>
      </symbol>
      <symbol id="sm-75e">
         <name>open</name>
         <value>0x3067</value>
         <object_component_ref idref="oc-3af"/>
      </symbol>
      <symbol id="sm-75f">
         <name>add_device</name>
         <value>0x3189</value>
         <object_component_ref idref="oc-3af"/>
      </symbol>
      <symbol id="sm-760">
         <name>remove_device</name>
         <value>0x301b</value>
         <object_component_ref idref="oc-3af"/>
      </symbol>
      <symbol id="sm-761">
         <name>lseek</name>
         <value>0x3115</value>
         <object_component_ref idref="oc-3af"/>
      </symbol>
      <symbol id="sm-762">
         <name>read</name>
         <value>0x3043</value>
         <object_component_ref idref="oc-3af"/>
      </symbol>
      <symbol id="sm-763">
         <name>rename</name>
         <value>0x2fdd</value>
         <object_component_ref idref="oc-3af"/>
      </symbol>
      <symbol id="sm-764">
         <name>write</name>
         <value>0x2f29</value>
         <object_component_ref idref="oc-3af"/>
      </symbol>
      <symbol id="sm-765">
         <name>close</name>
         <value>0x3139</value>
         <object_component_ref idref="oc-3af"/>
      </symbol>
      <symbol id="sm-766">
         <name>unlink</name>
         <value>0x2fb9</value>
         <object_component_ref idref="oc-3af"/>
      </symbol>
      <symbol id="sm-775">
         <name>ltoa</name>
         <value>0x5743</value>
         <object_component_ref idref="oc-360"/>
      </symbol>
      <symbol id="sm-785">
         <name>memccpy</name>
         <value>0x5eab</value>
         <object_component_ref idref="oc-37e"/>
      </symbol>
      <symbol id="sm-795">
         <name>memchr</name>
         <value>0x5e6d</value>
         <object_component_ref idref="oc-3a3"/>
      </symbol>
      <symbol id="sm-7a5">
         <name>strchr</name>
         <value>0x5f41</value>
         <object_component_ref idref="oc-372"/>
      </symbol>
      <symbol id="sm-7b4">
         <name>strcmp</name>
         <value>0x5f29</value>
         <object_component_ref idref="oc-437"/>
      </symbol>
      <symbol id="sm-7c2">
         <name>strlen</name>
         <value>0x5fbd</value>
         <object_component_ref idref="oc-355"/>
      </symbol>
      <symbol id="sm-7d2">
         <name>strncpy</name>
         <value>0x5c95</value>
         <object_component_ref idref="oc-43d"/>
      </symbol>
      <symbol id="sm-7f3">
         <name>HOSTgetenv</name>
         <value>0x344b</value>
         <object_component_ref idref="oc-4a6"/>
      </symbol>
      <symbol id="sm-7f4">
         <name>HOSTrename</name>
         <value>0x32f3</value>
         <object_component_ref idref="oc-4a6"/>
      </symbol>
      <symbol id="sm-7f5">
         <name>HOSTclose</name>
         <value>0x3489</value>
         <object_component_ref idref="oc-4a6"/>
      </symbol>
      <symbol id="sm-7f6">
         <name>HOSTunlink</name>
         <value>0x3281</value>
         <object_component_ref idref="oc-4a6"/>
      </symbol>
      <symbol id="sm-7f7">
         <name>HOSTlseek</name>
         <value>0x33ef</value>
         <object_component_ref idref="oc-4a6"/>
      </symbol>
      <symbol id="sm-7f8">
         <name>HOSTopen</name>
         <value>0x339d</value>
         <object_component_ref idref="oc-4a6"/>
      </symbol>
      <symbol id="sm-7f9">
         <name>HOSTclock</name>
         <value>0x34c1</value>
         <object_component_ref idref="oc-4a6"/>
      </symbol>
      <symbol id="sm-7fa">
         <name>HOSTwrite</name>
         <value>0x3235</value>
         <object_component_ref idref="oc-4a6"/>
      </symbol>
      <symbol id="sm-7fb">
         <name>HOSTread</name>
         <value>0x3351</value>
         <object_component_ref idref="oc-4a6"/>
      </symbol>
      <symbol id="sm-7fc">
         <name>HOSTtime</name>
         <value>0x32b9</value>
         <object_component_ref idref="oc-4a6"/>
      </symbol>
      <symbol id="sm-817">
         <name>__TI_readmsg</name>
         <value>0x5523</value>
         <object_component_ref idref="oc-4e5"/>
      </symbol>
      <symbol id="sm-818">
         <name>C$$IO$$</name>
         <value>0x551f</value>
         <object_component_ref idref="oc-4e5"/>
      </symbol>
      <symbol id="sm-819">
         <name>__CIOBUF_</name>
         <value>0x200053e8</value>
         <object_component_ref idref="oc-516"/>
      </symbol>
      <symbol id="sm-81a">
         <name>__TI_writemsg</name>
         <value>0x54f1</value>
         <object_component_ref idref="oc-4e5"/>
      </symbol>
      <symbol id="sm-844">
         <name>__aeabi_uldivmod</name>
         <value>0x3a79</value>
         <object_component_ref idref="oc-350"/>
      </symbol>
      <symbol id="sm-852">
         <name>_Dclass</name>
         <value>0x5cc5</value>
         <object_component_ref idref="oc-378"/>
      </symbol>
      <symbol id="sm-873">
         <name>_Dscale</name>
         <value>0x48c1</value>
         <object_component_ref idref="oc-402"/>
      </symbol>
      <symbol id="sm-887">
         <name>_Dunscale</name>
         <value>0x55c1</value>
         <object_component_ref idref="oc-3fa"/>
      </symbol>
      <symbol id="sm-896">
         <name>_Feraise</name>
         <value>0x5cf5</value>
         <object_component_ref idref="oc-408"/>
      </symbol>
      <symbol id="sm-8a6">
         <name>_Rteps</name>
         <value>0x20005360</value>
         <object_component_ref idref="oc-469"/>
      </symbol>
      <symbol id="sm-8a7">
         <name>_Zero</name>
         <value>0x20005378</value>
         <object_component_ref idref="oc-469"/>
      </symbol>
      <symbol id="sm-8a8">
         <name>_Hugeval</name>
         <value>0x20005320</value>
         <object_component_ref idref="oc-469"/>
      </symbol>
      <symbol id="sm-8a9">
         <name>_Snan</name>
         <value>0x20005350</value>
         <object_component_ref idref="oc-469"/>
      </symbol>
      <symbol id="sm-8aa">
         <name>_Nan</name>
         <value>0x20005340</value>
         <object_component_ref idref="oc-469"/>
      </symbol>
      <symbol id="sm-8ab">
         <name>_Inf</name>
         <value>0x20005330</value>
         <object_component_ref idref="oc-469"/>
      </symbol>
      <symbol id="sm-8ac">
         <name>_Xbig</name>
         <value>0x20005370</value>
         <object_component_ref idref="oc-469"/>
      </symbol>
      <symbol id="sm-8ad">
         <name>_Eps</name>
         <value>0x20005310</value>
         <object_component_ref idref="oc-469"/>
      </symbol>
      <symbol id="sm-8ae">
         <name>_Denorm</name>
         <value>0x20005300</value>
         <object_component_ref idref="oc-469"/>
      </symbol>
      <symbol id="sm-8cc">
         <name>__TI_wrt_ok</name>
         <value>0x4e23</value>
         <object_component_ref idref="oc-39d"/>
      </symbol>
      <symbol id="sm-8cd">
         <name>__TI_rd_ok</name>
         <value>0x4e85</value>
         <object_component_ref idref="oc-39d"/>
      </symbol>
      <symbol id="sm-8d5">
         <name>_Errno</name>
         <value>0x200053dc</value>
         <object_component_ref idref="oc-474"/>
      </symbol>
      <symbol id="sm-8f3">
         <name>feraiseexcept</name>
         <value>0x5c61</value>
         <object_component_ref idref="oc-46e"/>
      </symbol>
      <symbol id="sm-8f4">
         <name>_Tls_setup__Fenv</name>
         <value>0x200053c8</value>
         <object_component_ref idref="oc-4c8"/>
      </symbol>
      <symbol id="sm-8f5">
         <name>_Fenv</name>
         <value>0x200053c4</value>
         <object_component_ref idref="oc-4c8"/>
      </symbol>
      <symbol id="sm-90f">
         <name>__TI_doflush</name>
         <value>0x4c9d</value>
         <object_component_ref idref="oc-3a9"/>
      </symbol>
      <symbol id="sm-910">
         <name>fflush</name>
         <value>0x4ce9</value>
         <object_component_ref idref="oc-3a9"/>
      </symbol>
      <symbol id="sm-922">
         <name>fseek</name>
         <value>0x5629</value>
         <object_component_ref idref="oc-422"/>
      </symbol>
      <symbol id="sm-936">
         <name>raise</name>
         <value>0x5d81</value>
         <object_component_ref idref="oc-4c2"/>
      </symbol>
      <symbol id="sm-952">
         <name>setvbuf</name>
         <value>0x4bc1</value>
         <object_component_ref idref="oc-428"/>
      </symbol>
      <symbol id="sm-96c">
         <name>signal</name>
         <value>0x5b49</value>
         <object_component_ref idref="oc-4fc"/>
      </symbol>
      <symbol id="sm-97a">
         <name>strcpy</name>
         <value>0x5fa9</value>
         <object_component_ref idref="oc-4eb"/>
      </symbol>
      <symbol id="sm-98f">
         <name>_Dnorm</name>
         <value>0x4d65</value>
         <object_component_ref idref="oc-45f"/>
      </symbol>
      <symbol id="sm-9c6">
         <name>__TI_cleanup</name>
         <value>0x3d35</value>
         <object_component_ref idref="oc-48d"/>
      </symbol>
      <symbol id="sm-9c7">
         <name>freopen</name>
         <value>0x3d61</value>
         <object_component_ref idref="oc-48d"/>
      </symbol>
      <symbol id="sm-9c8">
         <name>fopen</name>
         <value>0x3d8b</value>
         <object_component_ref idref="oc-48d"/>
      </symbol>
      <symbol id="sm-a3a">
         <name>_sys_memory</name>
         <value>0x20002980</value>
         <object_component_ref idref="oc-2a"/>
      </symbol>
      <symbol id="sm-a3b">
         <name>free</name>
         <value>0x2923</value>
         <object_component_ref idref="oc-487"/>
      </symbol>
      <symbol id="sm-a3c">
         <name>realloc</name>
         <value>0x29e5</value>
         <object_component_ref idref="oc-487"/>
      </symbol>
      <symbol id="sm-a3d">
         <name>memalign</name>
         <value>0x2af1</value>
         <object_component_ref idref="oc-487"/>
      </symbol>
      <symbol id="sm-a3e">
         <name>calloc</name>
         <value>0x2bd5</value>
         <object_component_ref idref="oc-487"/>
      </symbol>
      <symbol id="sm-a3f">
         <name>malloc</name>
         <value>0x28bb</value>
         <object_component_ref idref="oc-487"/>
      </symbol>
      <symbol id="sm-a40">
         <name>minit</name>
         <value>0x282d</value>
         <object_component_ref idref="oc-487"/>
      </symbol>
      <symbol id="sm-a56">
         <name>__TI_closefile</name>
         <value>0x50ad</value>
         <object_component_ref idref="oc-4d6"/>
      </symbol>
      <symbol id="sm-a57">
         <name>fclose</name>
         <value>0x5113</value>
         <object_component_ref idref="oc-4d6"/>
      </symbol>
      <symbol id="sm-af9">
         <name>GPIOPinTypePWM</name>
         <value>0x5fe3</value>
         <object_component_ref idref="oc-2d6"/>
      </symbol>
      <symbol id="sm-afa">
         <name>GPIOIntRegister</name>
         <value>0x5ec7</value>
         <object_component_ref idref="oc-230"/>
      </symbol>
      <symbol id="sm-afb">
         <name>GPIOPinConfigure</name>
         <value>0x5921</value>
         <object_component_ref idref="oc-143"/>
      </symbol>
      <symbol id="sm-afc">
         <name>GPIOIntEnable</name>
         <value>0x6081</value>
         <object_component_ref idref="oc-224"/>
      </symbol>
      <symbol id="sm-afd">
         <name>GPIOIntTypeSet</name>
         <value>0x56ed</value>
         <object_component_ref idref="oc-201"/>
      </symbol>
      <symbol id="sm-afe">
         <name>GPIOPinTypeGPIOInput</name>
         <value>0x5fd1</value>
         <object_component_ref idref="oc-332"/>
      </symbol>
      <symbol id="sm-aff">
         <name>GPIOIntClear</name>
         <value>0x60d7</value>
         <object_component_ref idref="oc-207"/>
      </symbol>
      <symbol id="sm-b00">
         <name>GPIOPinTypeUART</name>
         <value>0x5ff5</value>
         <object_component_ref idref="oc-149"/>
      </symbol>
      <symbol id="sm-b01">
         <name>GPIOIntStatus</name>
         <value>0x604b</value>
         <object_component_ref idref="oc-1fb"/>
      </symbol>
      <symbol id="sm-b02">
         <name>GPIOPinTypeGPIOOutput</name>
         <value>0x5edf</value>
         <object_component_ref idref="oc-1d3"/>
      </symbol>
      <symbol id="sm-b03">
         <name>GPIOPinRead</name>
         <value>0x60dd</value>
         <object_component_ref idref="oc-1d9"/>
      </symbol>
      <symbol id="sm-b04">
         <name>GPIODirModeSet</name>
         <value>0x5daf</value>
         <object_component_ref idref="oc-218"/>
      </symbol>
      <symbol id="sm-b05">
         <name>GPIOPinWrite</name>
         <value>0x60e3</value>
         <object_component_ref idref="oc-1df"/>
      </symbol>
      <symbol id="sm-b06">
         <name>GPIOPadConfigSet</name>
         <value>0x467d</value>
         <object_component_ref idref="oc-212"/>
      </symbol>
      <symbol id="sm-b59">
         <name>IntPrioritySet</name>
         <value>0x5e05</value>
         <object_component_ref idref="oc-22a"/>
      </symbol>
      <symbol id="sm-b5a">
         <name>IntEnable</name>
         <value>0x5489</value>
         <object_component_ref idref="oc-21e"/>
      </symbol>
      <symbol id="sm-b5b">
         <name>IntRegister</name>
         <value>0x5bf9</value>
         <object_component_ref idref="oc-329"/>
      </symbol>
      <symbol id="sm-b5c">
         <name>g_pfnRAMVectors</name>
         <value>0x20000000</value>
         <object_component_ref idref="oc-3ef"/>
      </symbol>
      <symbol id="sm-b5d">
         <name>IntMasterEnable</name>
         <value>0x602b</value>
         <object_component_ref idref="oc-2c9"/>
      </symbol>
      <symbol id="sm-b8a">
         <name>PWMGenPeriodSet</name>
         <value>0x603b</value>
         <object_component_ref idref="oc-2e2"/>
      </symbol>
      <symbol id="sm-b8b">
         <name>PWMPulseWidthSet</name>
         <value>0x5e8d</value>
         <object_component_ref idref="oc-2e8"/>
      </symbol>
      <symbol id="sm-b8c">
         <name>PWMOutputState</name>
         <value>0x6007</value>
         <object_component_ref idref="oc-2f4"/>
      </symbol>
      <symbol id="sm-b8d">
         <name>PWMGenEnable</name>
         <value>0x608d</value>
         <object_component_ref idref="oc-2ee"/>
      </symbol>
      <symbol id="sm-b8e">
         <name>PWMGenConfigure</name>
         <value>0x5e29</value>
         <object_component_ref idref="oc-2dc"/>
      </symbol>
      <symbol id="sm-bf5">
         <name>SysCtlPeripheralPresent</name>
         <value>0x5b89</value>
         <object_component_ref idref="oc-2a0"/>
      </symbol>
      <symbol id="sm-bf6">
         <name>SysCtlClockSet</name>
         <value>0x4acd</value>
         <object_component_ref idref="oc-2c3"/>
      </symbol>
      <symbol id="sm-bf7">
         <name>SysCtlDelay</name>
         <value>0x60e9</value>
         <object_component_ref idref="oc-3cd"/>
      </symbol>
      <symbol id="sm-bf8">
         <name>SysCtlPeripheralEnable</name>
         <value>0x5c2d</value>
         <object_component_ref idref="oc-13d"/>
      </symbol>
      <symbol id="sm-bf9">
         <name>SysCtlClockGet</name>
         <value>0x47b1</value>
         <object_component_ref idref="oc-155"/>
      </symbol>
      <symbol id="sm-bfa">
         <name>SysCtlPWMClockSet</name>
         <value>0x5f59</value>
         <object_component_ref idref="oc-2d0"/>
      </symbol>
      <symbol id="sm-c30">
         <name>TimerLoadSet</name>
         <value>0x6019</value>
         <object_component_ref idref="oc-301"/>
      </symbol>
      <symbol id="sm-c31">
         <name>TimerDisable</name>
         <value>0x5ef9</value>
         <object_component_ref idref="oc-30d"/>
      </symbol>
      <symbol id="sm-c32">
         <name>TimerEnable</name>
         <value>0x6059</value>
         <object_component_ref idref="oc-307"/>
      </symbol>
      <symbol id="sm-c33">
         <name>TimerValueGet</name>
         <value>0x60b1</value>
         <object_component_ref idref="oc-134"/>
      </symbol>
      <symbol id="sm-c34">
         <name>TimerConfigure</name>
         <value>0x568d</value>
         <object_component_ref idref="oc-2fb"/>
      </symbol>
      <symbol id="sm-c77">
         <name>UARTConfigSetExpClk</name>
         <value>0x59f9</value>
         <object_component_ref idref="oc-15b"/>
      </symbol>
      <symbol id="sm-c78">
         <name>UARTDisable</name>
         <value>0x5e4d</value>
         <object_component_ref idref="oc-268"/>
      </symbol>
      <symbol id="sm-c79">
         <name>UARTBusy</name>
         <value>0x60cf</value>
         <object_component_ref idref="oc-167"/>
      </symbol>
      <symbol id="sm-c7a">
         <name>UARTClockSourceSet</name>
         <value>0x60ef</value>
         <object_component_ref idref="oc-14f"/>
      </symbol>
      <symbol id="sm-c7b">
         <name>UARTCharPut</name>
         <value>0x60c5</value>
         <object_component_ref idref="oc-161"/>
      </symbol>
      <symbol id="sm-c7c">
         <name>UARTEnable</name>
         <value>0x5f6d</value>
         <object_component_ref idref="oc-26e"/>
      </symbol>
      <symbol id="sm-c7d">
         <name>UARTCharGet</name>
         <value>0x60bb</value>
         <object_component_ref idref="oc-2a6"/>
      </symbol>
      <symbol id="sm-c87">
         <name>CPUcpsie</name>
         <value>0x6075</value>
         <object_component_ref idref="oc-3cf"/>
      </symbol>
      <symbol id="sm-c88">
         <name>__TI_static_base__</name>
         <value>0x0</value>
      </symbol>
      <symbol id="sm-c8b">
         <name>SHT$$INIT_ARRAY$$Limit</name>
         <value>0x0</value>
      </symbol>
      <symbol id="sm-c8c">
         <name>SHT$$INIT_ARRAY$$Base</name>
         <value>0x0</value>
      </symbol>
      <symbol id="sm-c8d">
         <name>remove</name>
         <value>0x2fb9</value>
      </symbol>
   </symbol_table>
   <title>Link successful</title>
</link_info>
